administrator@16HW025294:~$ 
administrator@16HW025294:~$ mkdir test
administrator@16HW025294:~$ touch etc_log.txt
administrator@16HW025294:~$ chmod a+rwx et_log.txt
chmod: cannot access 'et_log.txt': No such file or directory
administrator@16HW025294:~$ ls
 Der   Desktop   Documents   Downloads   etc_log.txt   MOK.der   MOK.priv   Music   Pictures   Public   snap   Templates   test   Videos  'VirtualBox VMs'
administrator@16HW025294:~$ chmod a+rwx etc_log.txt
administrator@16HW025294:~$ cd/etc
bash: cd/etc: No such file or directory
administrator@16HW025294:~$ cd /etc
administrator@16HW025294:/etc$ ls
acpi                    ca-certificates.conf  e2scrub.conf   gshadow-         kernel-img.conf  magic.mime           os-release    rc2.d          snmp               udisks2
adduser.conf            chatscripts           emacs          gss              kerneloops.conf  mailcap              PackageKit    rc3.d          speech-dispatcher  ufw
alsa                    console-setup         environment    gtk-2.0          ldap             mailcap.order        pam.conf      rc4.d          ssh                update-manager
alternatives            cracklib              environment.d  gtk-3.0          ld.so.cache      manpath.config       pam.d         rc5.d          ssl                update-motd.d
anacrontab              cron.d                ethertypes     hdparm.conf      ld.so.conf       mime.types           papersize     rc6.d          subgid             update-notifier
apg.conf                cron.daily            firefox        host.conf        ld.so.conf.d     mke2fs.conf          passwd        rcS.d          subgid-            UPower
apm                     cron.hourly           fonts          hostid           legal            ModemManager         passwd-       resolv.conf    subuid             usb_modeswitch.conf
apparmor                cron.monthly          fprintd.conf   hostname         libao.conf       modprobe.d           pcmcia        rmt            subuid-            usb_modeswitch.d
apparmor.d              crontab               fstab          hosts            libaudit.conf    modules              perl          rpc            sudo.conf          vim
apport                  cron.weekly           fuse.conf      hosts.allow      libblockdev      modules-load.d       pki           rsyslog.conf   sudoers            vtrgb
appstream.conf          cups                  fwupd          hosts.deny       libnl-3          mtab                 pm            rsyslog.d      sudoers.d          vulkan
apt                     cupshelpers           gai.conf       hp               libpaper.d       nanorc               pnm2ppa.conf  rygel.conf     sudo_logsrvd.conf  wgetrc
avahi                   dbus-1                gdb            ifplugd          libreoffice      netconfig            polkit-1      sane.d         sysctl.conf        wpa_supplicant
bash.bashrc             dconf                 gdm3           init             locale.alias     netplan              ppp           security       sysctl.d           X11
bash_completion         debconf.conf          geoclue        init.d           locale.gen       network              printcap      selinux        systemd            xattr.conf
bash_completion.d       debian_version        ghostscript    initramfs-tools  localtime        networkd-dispatcher  profile       sensors3.conf  terminfo           xdg
bindresvport.blacklist  default               glvnd          inputrc          logcheck         NetworkManager       profile.d     sensors.d      thermald           xml
binfmt.d                deluser.conf          gnome          insserv.conf.d   login.defs       networks             protocols     services       thunderbird        zsh_command_not_found
bluetooth               depmod.d              groff          ipp-usb          logrotate.conf   newt                 pulse         sgml           timezone
brlapi.key              dhcp                  group          iproute2         logrotate.d      nftables.conf        python3       shadow         tmpfiles.d
brltty                  dictionaries-common   group-         issue            lsb-release      nsswitch.conf        python3.10    shadow-        ubuntu-advantage
brltty.conf             dkms                  grub.d         issue.net        machine-id       openvpn              rc0.d         shells         ucf.conf
ca-certificates         dpkg                  gshadow        kernel           magic            opt                  rc1.d         skel           udev
administrator@16HW025294:/etc$ ls -l
total 1140
drwxr-xr-x  3 root root    4096 ápr   19 12:04 acpi
-rw-r--r--  1 root root    3028 ápr   19 12:02 adduser.conf
drwxr-xr-x  3 root root    4096 ápr   19 12:03 alsa
drwxr-xr-x  2 root root    4096 júl   11 15:51 alternatives
-rw-r--r--  1 root root     335 márc  23 10:40 anacrontab
-rw-r--r--  1 root root     433 márc  23 10:40 apg.conf
drwxr-xr-x  5 root root    4096 ápr   19 12:03 apm
drwxr-xr-x  3 root root    4096 júl   11 18:22 apparmor
drwxr-xr-x  8 root root    4096 júl   11 18:22 apparmor.d
drwxr-xr-x  4 root root    4096 jún   20 14:23 apport
-rw-r--r--  1 root root     769 febr  22 17:53 appstream.conf
drwxr-xr-x  8 root root    4096 jún    2 13:44 apt
drwxr-xr-x  3 root root    4096 ápr   19 12:05 avahi
-rw-r--r--  1 root root    2319 jan    6  2022 bash.bashrc
-rw-r--r--  1 root root      45 nov   11  2021 bash_completion
drwxr-xr-x  2 root root    4096 jún   20 14:23 bash_completion.d
-rw-r--r--  1 root root     367 dec   16  2020 bindresvport.blacklist
drwxr-xr-x  2 root root    4096 ápr    7 21:28 binfmt.d
drwxr-xr-x  2 root root    4096 ápr   19 12:04 bluetooth
-rw-r-----  1 root root      33 ápr   19 12:05 brlapi.key
drwxr-xr-x  7 root root    4096 ápr   19 12:04 brltty
-rw-r--r--  1 root root   29219 márc  18 17:59 brltty.conf
drwxr-xr-x  3 root root    4096 ápr   19 12:02 ca-certificates
-rw-r--r--  1 root root    5529 ápr   19 12:02 ca-certificates.conf
drwxr-s---  2 root dip     4096 ápr   19 12:04 chatscripts
drwxr-xr-x  2 root root    4096 jún    2 13:43 console-setup
drwxr-xr-x  2 root root    4096 ápr   19 12:04 cracklib
drwxr-xr-x  2 root root    4096 jún   23 07:56 cron.d
drwxr-xr-x  2 root root    4096 jún   20 14:23 cron.daily
drwxr-xr-x  2 root root    4096 ápr   19 12:02 cron.hourly
drwxr-xr-x  2 root root    4096 ápr   19 12:04 cron.monthly
-rw-r--r--  1 root root    1136 márc  23 14:49 crontab
drwxr-xr-x  2 root root    4096 ápr   19 12:05 cron.weekly
drwxr-xr-x  5 root lp      4096 júl   17 19:54 cups
drwxr-xr-x  2 root root    4096 ápr   19 12:05 cupshelpers
drwxr-xr-x  4 root root    4096 ápr   19 12:02 dbus-1
drwxr-xr-x  4 root root    4096 ápr   19 12:04 dconf
-rw-r--r--  1 root root    2969 febr  20 15:42 debconf.conf
-rw-r--r--  1 root root      13 aug   22  2021 debian_version
drwxr-xr-x  3 root root    4096 júl   11 18:26 default
-rw-r--r--  1 root root     604 szept 16  2018 deluser.conf
drwxr-xr-x  2 root root    4096 ápr   19 12:02 depmod.d
drwxr-xr-x  4 root root    4096 júl   11 18:22 dhcp
drwxr-xr-x  2 root root    4096 jún    2 13:44 dictionaries-common
drwxr-xr-x  4 root root    4096 júl   11 18:25 dkms
drwxr-xr-x  4 root root    4096 júl   11 15:51 dpkg
-rw-r--r--  1 root root     685 jan    8  2022 e2scrub.conf
drwxr-xr-x  3 root root    4096 ápr   19 12:03 emacs
-rw-r--r--  1 root root     106 ápr   19 12:02 environment
drwxr-xr-x  2 root root    4096 ápr   19 12:05 environment.d
-rw-r--r--  1 root root    1816 dec   27  2019 ethertypes
drwxr-xr-x  3 root root    4096 ápr   19 12:03 firefox
drwxr-xr-x  4 root root    4096 ápr   19 12:04 fonts
-rw-r--r--  1 root root      20 febr  24 17:19 fprintd.conf
-rw-rw-r--  1 root root     675 jún    2 13:41 fstab
-rw-r--r--  1 root root     694 márc  23 14:53 fuse.conf
drwxr-xr-x  3 root root    4096 ápr   19 12:05 fwupd
-rw-r--r--  1 root root    2584 febr   3 06:27 gai.conf
drwxr-xr-x  3 root root    4096 ápr   19 12:05 gdb
drwxr-xr-x  8 root root    4096 jún   29 15:23 gdm3
drwxr-xr-x  2 root root    4096 ápr   19 12:05 geoclue
drwxr-xr-x  4 root root    4096 ápr   19 12:03 ghostscript
drwxr-xr-x  3 root root    4096 ápr   19 12:03 glvnd
drwxr-xr-x  2 root root    4096 ápr   19 12:04 gnome
drwxr-xr-x  2 root root    4096 ápr   19 12:04 groff
-rw-r--r--  1 root root    1173 júl   11 18:26 group
-rw-r--r--  1 root root    1156 júl   11 18:16 group-
drwxr-xr-x  2 root root    4096 ápr   19 12:07 grub.d
-rw-r-----  1 root shadow   985 júl   11 18:26 gshadow
-rw-r-----  1 root shadow   971 júl   11 18:16 gshadow-
drwxr-xr-x  3 root root    4096 febr  21 21:05 gss
drwxr-xr-x  2 root root    4096 ápr   19 12:04 gtk-2.0
drwxr-xr-x  2 root root    4096 jún   29 15:23 gtk-3.0
-rw-r--r--  1 root root    4436 dec   15  2020 hdparm.conf
-rw-r--r--  1 root root      92 okt   15  2021 host.conf
-rw-r--r--  1 root root       4 ápr   19 12:06 hostid
-rw-r--r--  1 root root      11 jún    2 13:43 hostname
-rw-r--r--  1 root root     225 jún    2 13:43 hosts
-rw-r--r--  1 root root     411 ápr   19 12:04 hosts.allow
-rw-r--r--  1 root root     711 ápr   19 12:04 hosts.deny
drwxr-xr-x  2 root root    4096 ápr   19 12:05 hp
drwxr-xr-x  3 root root    4096 ápr   19 12:04 ifplugd
drwxr-xr-x  2 root root    4096 jún    2 13:44 init
drwxr-xr-x  2 root root    4096 júl   11 18:26 init.d
drwxr-xr-x  5 root root    4096 ápr   19 12:05 initramfs-tools
-rw-r--r--  1 root root    1748 jan    6  2022 inputrc
drwxr-xr-x  2 root root    4096 jún   29 15:23 insserv.conf.d
drwxr-xr-x  2 root root    4096 ápr   19 12:05 ipp-usb
drwxr-xr-x  4 root root    4096 ápr   19 12:02 iproute2
-rw-r--r--  1 root root      24 ápr   18 12:28 issue
-rw-r--r--  1 root root      17 ápr   18 12:28 issue.net
drwxr-xr-x  8 root root    4096 júl   11 15:51 kernel
-rw-r--r--  1 root root     110 jún    2 13:43 kernel-img.conf
-rw-r--r--  1 root root    1308 márc  24 13:07 kerneloops.conf
drwxr-xr-x  2 root root    4096 jún   29 15:22 ldap
-rw-r--r--  1 root root   59393 júl   15 09:05 ld.so.cache
-rw-r--r--  1 root root      34 dec   16  2020 ld.so.conf
drwxr-xr-x  2 root root    4096 júl   11 15:51 ld.so.conf.d
-rw-r--r--  1 root root     267 okt   15  2021 legal
-rw-r--r--  1 root root      27 márc  13 13:16 libao.conf
-rw-r--r--  1 root root     191 márc  17 18:50 libaudit.conf
drwxr-xr-x  3 root root    4096 ápr   19 12:03 libblockdev
drwxr-xr-x  2 root root    4096 ápr   19 12:04 libnl-3
drwxr-xr-x  2 root root    4096 márc  24 13:14 libpaper.d
drwxr-xr-x  3 root root    4096 jún   29 15:22 libreoffice
-rw-r--r--  1 root root    2996 márc   4 03:54 locale.alias
-rw-r--r--  1 root root    9454 jún    2 13:43 locale.gen
lrwxrwxrwx  1 root root      35 jún    2 13:43 localtime -> /usr/share/zoneinfo/Europe/Budapest
drwxr-xr-x  4 root root    4096 ápr   19 12:03 logcheck
-rw-r--r--  1 root root   10734 nov   11  2021 login.defs
-rw-r--r--  1 root root     592 jan   24 16:37 logrotate.conf
drwxr-xr-x  2 root root    4096 júl   11 18:22 logrotate.d
-rw-r--r--  1 root root     102 ápr   18 12:28 lsb-release
-r--r--r--  1 root root      33 jún    2 15:45 machine-id
-rw-r--r--  1 root root     111 márc  24 18:07 magic
-rw-r--r--  1 root root     111 márc  24 18:07 magic.mime
-rw-r--r--  1 root root   37013 júl   15 09:05 mailcap
-rw-r--r--  1 root root     449 dec   11  2021 mailcap.order
-rw-r--r--  1 root root    5217 márc  17 20:03 manpath.config
-rw-r--r--  1 root root   72029 márc  21 10:12 mime.types
-rw-r--r--  1 root root     744 jan    8  2022 mke2fs.conf
drwxr-xr-x  3 root root    4096 ápr   19 12:04 ModemManager
drwxr-xr-x  2 root root    4096 júl   11 18:25 modprobe.d
-rw-r--r--  1 root root     195 ápr   19 12:02 modules
drwxr-xr-x  2 root root    4096 júl   11 18:22 modules-load.d
lrwxrwxrwx  1 root root      19 jún    2 13:43 mtab -> ../proc/self/mounts
-rw-r--r--  1 root root   11204 febr   9 12:30 nanorc
-rw-r--r--  1 root root     767 márc  24 17:13 netconfig
drwxr-xr-x  2 root root    4096 ápr   19 12:09 netplan
drwxr-xr-x  6 root root    4096 ápr   19 12:04 network
drwxr-xr-x  8 root root    4096 ápr   19 12:02 networkd-dispatcher
drwxr-xr-x  7 root root    4096 jún   29 15:22 NetworkManager
-rw-r--r--  1 root root      91 okt   15  2021 networks
drwxr-xr-x  2 root root    4096 ápr   19 12:02 newt
-rwxr-xr-x  1 root root     228 márc  23 12:28 nftables.conf
-rw-r--r--  1 root root     542 jún    2 13:44 nsswitch.conf
drwxr-xr-x  4 root root    4096 ápr   19 12:04 openvpn
drwxr-xr-x  2 root root    4096 ápr   19 12:02 opt
lrwxrwxrwx  1 root root      21 ápr   22 16:34 os-release -> ../usr/lib/os-release
drwxr-xr-x  2 root root    4096 ápr   19 12:05 PackageKit
-rw-r--r--  1 root root     552 aug   12  2020 pam.conf
drwxr-xr-x  2 root root    4096 júl   13 10:47 pam.d
-rw-rw-r--  1 root root       3 jún    2 13:43 papersize
-rw-r--r--  1 root root    2889 jún    2 13:46 passwd
-rw-r--r--  1 root root    2879 jún    2 13:46 passwd-
drwxr-xr-x  2 root root    4096 ápr   19 12:04 pcmcia
drwxr-xr-x  3 root root    4096 ápr   19 12:03 perl
drwxr-xr-x  4 root root    4096 ápr   19 12:03 pki
drwxr-xr-x  3 root root    4096 ápr   19 12:04 pm
-rw-r--r--  1 root root    7649 ápr   19 12:05 pnm2ppa.conf
drwxr-xr-x  4 root root    4096 ápr   19 12:03 polkit-1
drwxr-xr-x  8 root dip     4096 ápr   19 12:04 ppp
lrwxrwxrwx  1 root root      18 jún   20 14:21 printcap -> /run/cups/printcap
-rw-r--r--  1 root root     582 okt   15  2021 profile
drwxr-xr-x  2 root root    4096 jún   29 15:22 profile.d
-rw-r--r--  1 root root    2932 ápr    1  2013 protocols
drwxr-xr-x  4 root root    4096 ápr   19 12:05 pulse
drwxr-xr-x  2 root root    4096 ápr   19 12:02 python3
drwxr-xr-x  2 root root    4096 júl   15 09:05 python3.10
drwxr-xr-x  2 root root    4096 júl   11 18:26 rc0.d
drwxr-xr-x  2 root root    4096 júl   11 18:26 rc1.d
drwxr-xr-x  2 root root    4096 júl   11 18:26 rc2.d
drwxr-xr-x  2 root root    4096 júl   11 18:26 rc3.d
drwxr-xr-x  2 root root    4096 júl   11 18:26 rc4.d
drwxr-xr-x  2 root root    4096 júl   11 18:26 rc5.d
drwxr-xr-x  2 root root    4096 júl   11 18:26 rc6.d
drwxr-xr-x  2 root root    4096 jún    2 13:44 rcS.d
lrwxrwxrwx  1 root root      39 jún    2 13:43 resolv.conf -> ../run/systemd/resolve/stub-resolv.conf
lrwxrwxrwx  1 root root      13 jún    2 13:41 rmt -> /usr/sbin/rmt
-rw-r--r--  1 root root     887 ápr    1  2013 rpc
-rw-r--r--  1 root root    1382 dec   24  2021 rsyslog.conf
drwxr-xr-x  2 root root    4096 ápr   19 12:05 rsyslog.d
-rw-r--r--  1 root root    5620 jan    9  2022 rygel.conf
drwxr-xr-x  3 root root    4096 ápr   19 12:05 sane.d
drwxr-xr-x  4 root root    4096 ápr   19 12:04 security
drwxr-xr-x  2 root root    4096 ápr   19 12:02 selinux
-rw-r--r--  1 root root   10593 márc  31 23:07 sensors3.conf
drwxr-xr-x  2 root root    4096 ápr   19 12:04 sensors.d
-rw-r--r--  1 root root   12813 márc  27  2021 services
drwxr-xr-x  3 root root    4096 ápr   19 12:05 sgml
-rw-r-----  1 root shadow  1538 jún   20 14:04 shadow
-rw-r-----  1 root shadow  1465 jún    2 13:46 shadow-
-rw-r--r--  1 root root     128 ápr   19 12:02 shells
drwxr-xr-x  2 root root    4096 ápr   19 12:02 skel
drwxr-xr-x  2 root root    4096 jún   29 15:22 snmp
drwxr-xr-x  4 root root    4096 ápr   19 12:05 speech-dispatcher
drwxr-xr-x  3 root root    4096 ápr   19 12:04 ssh
drwxr-xr-x  4 root root    4096 júl    6 11:54 ssl
-rw-r--r--  1 root root      48 jún    2 13:46 subgid
-rw-r--r--  1 root root      27 jún    2 13:43 subgid-
-rw-r--r--  1 root root      48 jún    2 13:46 subuid
-rw-r--r--  1 root root      27 jún    2 13:43 subuid-
-rw-r--r--  1 root root    4573 febr  14 12:48 sudo.conf
-r--r-----  1 root root    1671 febr   8 09:41 sudoers
drwxr-xr-x  2 root root    4096 jún    2 13:44 sudoers.d
-rw-r--r--  1 root root    9390 febr  14 12:48 sudo_logsrvd.conf
-rw-r--r--  1 root root    2355 febr  25 12:32 sysctl.conf
drwxr-xr-x  2 root root    4096 júl   11 18:22 sysctl.d
drwxr-xr-x  5 root root    4096 júl   11 18:22 systemd
drwxr-xr-x  2 root root    4096 ápr   19 12:02 terminfo
drwxr-xr-x  2 root root    4096 ápr   19 12:04 thermald
drwxr-xr-x  2 root root    4096 júl   14 10:33 thunderbird
-rw-r--r--  1 root root      16 jún    2 13:43 timezone
drwxr-xr-x  2 root root    4096 ápr    7 21:28 tmpfiles.d
drwxr-xr-x  2 root root    4096 júl   11 18:22 ubuntu-advantage
-rw-r--r--  1 root root    1260 jún   16  2020 ucf.conf
drwxr-xr-x  4 root root    4096 júl   11 18:22 udev
drwxr-xr-x  2 root root    4096 ápr   19 12:05 udisks2
drwxr-xr-x  3 root root    4096 ápr   19 12:05 ufw
drwxr-xr-x  3 root root    4096 jún   29 15:23 update-manager
drwxr-xr-x  2 root root    4096 júl   11 18:22 update-motd.d
drwxr-xr-x  2 root root    4096 márc  30 12:20 update-notifier
drwxr-xr-x  2 root root    4096 ápr   19 12:04 UPower
-rw-r--r--  1 root root    1523 márc  25 10:53 usb_modeswitch.conf
drwxr-xr-x  2 root root    4096 szept  6  2021 usb_modeswitch.d
drwxr-xr-x  2 root root    4096 ápr   19 12:02 vim
lrwxrwxrwx  1 root root      23 jún    2 13:41 vtrgb -> /etc/alternatives/vtrgb
drwxr-xr-x  5 root root    4096 ápr   19 12:03 vulkan
-rw-r--r--  1 root root    4942 jan   24 12:59 wgetrc
drwxr-xr-x  2 root root    4096 jún   29 15:22 wpa_supplicant
drwxr-xr-x 12 root root    4096 ápr   19 12:05 X11
-rw-r--r--  1 root root     681 márc  23 10:41 xattr.conf
drwxr-xr-x  6 root root    4096 ápr   19 12:03 xdg
drwxr-xr-x  2 root root    4096 ápr   19 12:05 xml
-rw-r--r--  1 root root     460 dec    8  2021 zsh_command_not_found
administrator@16HW025294:/etc$ cp -r /etc/. /etc_log.txt/
cp: cannot create directory '/etc_log.txt/': Permission denied
administrator@16HW025294:/etc$ pwd
/etc
administrator@16HW025294:/etc$ ls -l > etc_log.txt
bash: etc_log.txt: Permission denied
administrator@16HW025294:/etc$ cd/ Desktop
bash: cd/: No such file or directory
administrator@16HW025294:/etc$ cd /Desktop
bash: cd: /Desktop: No such file or directory
administrator@16HW025294:/etc$ cd
administrator@16HW025294:~$ pwd
/home/administrator
administrator@16HW025294:~$ cd /etc
administrator@16HW025294:/etc$ cd
administrator@16HW025294:~$ ls /etc > etc_log.txt
administrator@16HW025294:~$ ls
 Der   Desktop   Documents   Downloads   etc_log.txt   MOK.der   MOK.priv   Music   Pictures   Public   snap   Templates   test   Videos  'VirtualBox VMs'
administrator@16HW025294:~$ cat etc_log.txt
acpi
adduser.conf
alsa
alternatives
anacrontab
apg.conf
apm
apparmor
apparmor.d
apport
appstream.conf
apt
avahi
bash.bashrc
bash_completion
bash_completion.d
bindresvport.blacklist
binfmt.d
bluetooth
brlapi.key
brltty
brltty.conf
ca-certificates
ca-certificates.conf
chatscripts
console-setup
cracklib
cron.d
cron.daily
cron.hourly
cron.monthly
crontab
cron.weekly
cups
cupshelpers
dbus-1
dconf
debconf.conf
debian_version
default
deluser.conf
depmod.d
dhcp
dictionaries-common
dkms
dpkg
e2scrub.conf
emacs
environment
environment.d
ethertypes
firefox
fonts
fprintd.conf
fstab
fuse.conf
fwupd
gai.conf
gdb
gdm3
geoclue
ghostscript
glvnd
gnome
groff
group
group-
grub.d
gshadow
gshadow-
gss
gtk-2.0
gtk-3.0
hdparm.conf
host.conf
hostid
hostname
hosts
hosts.allow
hosts.deny
hp
ifplugd
init
init.d
initramfs-tools
inputrc
insserv.conf.d
ipp-usb
iproute2
issue
issue.net
kernel
kernel-img.conf
kerneloops.conf
ldap
ld.so.cache
ld.so.conf
ld.so.conf.d
legal
libao.conf
libaudit.conf
libblockdev
libnl-3
libpaper.d
libreoffice
locale.alias
locale.gen
localtime
logcheck
login.defs
logrotate.conf
logrotate.d
lsb-release
machine-id
magic
magic.mime
mailcap
mailcap.order
manpath.config
mime.types
mke2fs.conf
ModemManager
modprobe.d
modules
modules-load.d
mtab
nanorc
netconfig
netplan
network
networkd-dispatcher
NetworkManager
networks
newt
nftables.conf
nsswitch.conf
openvpn
opt
os-release
PackageKit
pam.conf
pam.d
papersize
passwd
passwd-
pcmcia
perl
pki
pm
pnm2ppa.conf
polkit-1
ppp
printcap
profile
profile.d
protocols
pulse
python3
python3.10
rc0.d
rc1.d
rc2.d
rc3.d
rc4.d
rc5.d
rc6.d
rcS.d
resolv.conf
rmt
rpc
rsyslog.conf
rsyslog.d
rygel.conf
sane.d
security
selinux
sensors3.conf
sensors.d
services
sgml
shadow
shadow-
shells
skel
snmp
speech-dispatcher
ssh
ssl
subgid
subgid-
subuid
subuid-
sudo.conf
sudoers
sudoers.d
sudo_logsrvd.conf
sysctl.conf
sysctl.d
systemd
terminfo
thermald
thunderbird
timezone
tmpfiles.d
ubuntu-advantage
ucf.conf
udev
udisks2
ufw
update-manager
update-motd.d
update-notifier
UPower
usb_modeswitch.conf
usb_modeswitch.d
vim
vtrgb
vulkan
wgetrc
wpa_supplicant
X11
xattr.conf
xdg
xml
zsh_command_not_found
administrator@16HW025294:~$ > etc_log.txt
administrator@16HW025294:~$ ls -l /etc > etc_log.txt
administrator@16HW025294:~$ touch run_log.txt | ls -l /run > run_log.txt
administrator@16HW025294:~$ cat etc_log.txt cat run_log.txt > touch unsorted.txt | sort -r unsorted.txt | cat unsorted.txt > touch reversed.txt
sort: cannot read: unsorted.txtcat: unsorted.txt: No such file or directory
: No such file or directory
cat: reversed.txt: No such file or directory
cat: cat: No such file or directory
cat: unsorted.txt: No such file or directory
administrator@16HW025294:~$ ls
 Der   Desktop   Documents   Downloads   etc_log.txt   MOK.der   MOK.priv   Music   Pictures   Public   run_log.txt   snap   Templates   test   touch   Videos  'VirtualBox VMs'
administrator@16HW025294:~$ touch unsorted.txt reversed.txt | cat etc_log.txt cat run_log.txt > unsorted.txt | sort -r unsorted.txt | cat unsorted.txt > reversed.txt
cat: cat: No such file or directory
administrator@16HW025294:~$ ls
 Der       Documents   etc_log.txt   MOK.priv   Pictures   reversed.txt   snap        test    unsorted.txt  'VirtualBox VMs'
 Desktop   Downloads   MOK.der       Music      Public     run_log.txt    Templates   touch   Videos
administrator@16HW025294:~$ cat unsorted.txt
total 1140
drwxr-xr-x  3 root root    4096 ápr   19 12:04 acpi
-rw-r--r--  1 root root    3028 ápr   19 12:02 adduser.conf
drwxr-xr-x  3 root root    4096 ápr   19 12:03 alsa
drwxr-xr-x  2 root root    4096 júl   11 15:51 alternatives
-rw-r--r--  1 root root     335 márc  23 10:40 anacrontab
-rw-r--r--  1 root root     433 márc  23 10:40 apg.conf
drwxr-xr-x  5 root root    4096 ápr   19 12:03 apm
drwxr-xr-x  3 root root    4096 júl   11 18:22 apparmor
drwxr-xr-x  8 root root    4096 júl   11 18:22 apparmor.d
drwxr-xr-x  4 root root    4096 jún   20 14:23 apport
-rw-r--r--  1 root root     769 febr  22 17:53 appstream.conf
drwxr-xr-x  8 root root    4096 jún    2 13:44 apt
drwxr-xr-x  3 root root    4096 ápr   19 12:05 avahi
-rw-r--r--  1 root root    2319 jan    6  2022 bash.bashrc
-rw-r--r--  1 root root      45 nov   11  2021 bash_completion
drwxr-xr-x  2 root root    4096 jún   20 14:23 bash_completion.d
-rw-r--r--  1 root root     367 dec   16  2020 bindresvport.blacklist
drwxr-xr-x  2 root root    4096 ápr    7 21:28 binfmt.d
drwxr-xr-x  2 root root    4096 ápr   19 12:04 bluetooth
-rw-r-----  1 root root      33 ápr   19 12:05 brlapi.key
drwxr-xr-x  7 root root    4096 ápr   19 12:04 brltty
-rw-r--r--  1 root root   29219 márc  18 17:59 brltty.conf
drwxr-xr-x  3 root root    4096 ápr   19 12:02 ca-certificates
-rw-r--r--  1 root root    5529 ápr   19 12:02 ca-certificates.conf
drwxr-s---  2 root dip     4096 ápr   19 12:04 chatscripts
drwxr-xr-x  2 root root    4096 jún    2 13:43 console-setup
drwxr-xr-x  2 root root    4096 ápr   19 12:04 cracklib
drwxr-xr-x  2 root root    4096 jún   23 07:56 cron.d
drwxr-xr-x  2 root root    4096 jún   20 14:23 cron.daily
drwxr-xr-x  2 root root    4096 ápr   19 12:02 cron.hourly
drwxr-xr-x  2 root root    4096 ápr   19 12:04 cron.monthly
-rw-r--r--  1 root root    1136 márc  23 14:49 crontab
drwxr-xr-x  2 root root    4096 ápr   19 12:05 cron.weekly
drwxr-xr-x  5 root lp      4096 júl   17 19:54 cups
drwxr-xr-x  2 root root    4096 ápr   19 12:05 cupshelpers
drwxr-xr-x  4 root root    4096 ápr   19 12:02 dbus-1
drwxr-xr-x  4 root root    4096 ápr   19 12:04 dconf
-rw-r--r--  1 root root    2969 febr  20 15:42 debconf.conf
-rw-r--r--  1 root root      13 aug   22  2021 debian_version
drwxr-xr-x  3 root root    4096 júl   11 18:26 default
-rw-r--r--  1 root root     604 szept 16  2018 deluser.conf
drwxr-xr-x  2 root root    4096 ápr   19 12:02 depmod.d
drwxr-xr-x  4 root root    4096 júl   11 18:22 dhcp
drwxr-xr-x  2 root root    4096 jún    2 13:44 dictionaries-common
drwxr-xr-x  4 root root    4096 júl   11 18:25 dkms
drwxr-xr-x  4 root root    4096 júl   11 15:51 dpkg
-rw-r--r--  1 root root     685 jan    8  2022 e2scrub.conf
drwxr-xr-x  3 root root    4096 ápr   19 12:03 emacs
-rw-r--r--  1 root root     106 ápr   19 12:02 environment
drwxr-xr-x  2 root root    4096 ápr   19 12:05 environment.d
-rw-r--r--  1 root root    1816 dec   27  2019 ethertypes
drwxr-xr-x  3 root root    4096 ápr   19 12:03 firefox
drwxr-xr-x  4 root root    4096 ápr   19 12:04 fonts
-rw-r--r--  1 root root      20 febr  24 17:19 fprintd.conf
-rw-rw-r--  1 root root     675 jún    2 13:41 fstab
-rw-r--r--  1 root root     694 márc  23 14:53 fuse.conf
drwxr-xr-x  3 root root    4096 ápr   19 12:05 fwupd
-rw-r--r--  1 root root    2584 febr   3 06:27 gai.conf
drwxr-xr-x  3 root root    4096 ápr   19 12:05 gdb
drwxr-xr-x  8 root root    4096 jún   29 15:23 gdm3
drwxr-xr-x  2 root root    4096 ápr   19 12:05 geoclue
drwxr-xr-x  4 root root    4096 ápr   19 12:03 ghostscript
drwxr-xr-x  3 root root    4096 ápr   19 12:03 glvnd
drwxr-xr-x  2 root root    4096 ápr   19 12:04 gnome
drwxr-xr-x  2 root root    4096 ápr   19 12:04 groff
-rw-r--r--  1 root root    1173 júl   11 18:26 group
-rw-r--r--  1 root root    1156 júl   11 18:16 group-
drwxr-xr-x  2 root root    4096 ápr   19 12:07 grub.d
-rw-r-----  1 root shadow   985 júl   11 18:26 gshadow
-rw-r-----  1 root shadow   971 júl   11 18:16 gshadow-
drwxr-xr-x  3 root root    4096 febr  21 21:05 gss
drwxr-xr-x  2 root root    4096 ápr   19 12:04 gtk-2.0
drwxr-xr-x  2 root root    4096 jún   29 15:23 gtk-3.0
-rw-r--r--  1 root root    4436 dec   15  2020 hdparm.conf
-rw-r--r--  1 root root      92 okt   15  2021 host.conf
-rw-r--r--  1 root root       4 ápr   19 12:06 hostid
-rw-r--r--  1 root root      11 jún    2 13:43 hostname
-rw-r--r--  1 root root     225 jún    2 13:43 hosts
-rw-r--r--  1 root root     411 ápr   19 12:04 hosts.allow
-rw-r--r--  1 root root     711 ápr   19 12:04 hosts.deny
drwxr-xr-x  2 root root    4096 ápr   19 12:05 hp
drwxr-xr-x  3 root root    4096 ápr   19 12:04 ifplugd
drwxr-xr-x  2 root root    4096 jún    2 13:44 init
drwxr-xr-x  2 root root    4096 júl   11 18:26 init.d
drwxr-xr-x  5 root root    4096 ápr   19 12:05 initramfs-tools
-rw-r--r--  1 root root    1748 jan    6  2022 inputrc
drwxr-xr-x  2 root root    4096 jún   29 15:23 insserv.conf.d
drwxr-xr-x  2 root root    4096 ápr   19 12:05 ipp-usb
drwxr-xr-x  4 root root    4096 ápr   19 12:02 iproute2
-rw-r--r--  1 root root      24 ápr   18 12:28 issue
-rw-r--r--  1 root root      17 ápr   18 12:28 issue.net
drwxr-xr-x  8 root root    4096 júl   11 15:51 kernel
-rw-r--r--  1 root root     110 jún    2 13:43 kernel-img.conf
-rw-r--r--  1 root root    1308 márc  24 13:07 kerneloops.conf
drwxr-xr-x  2 root root    4096 jún   29 15:22 ldap
-rw-r--r--  1 root root   59393 júl   15 09:05 ld.so.cache
-rw-r--r--  1 root root      34 dec   16  2020 ld.so.conf
drwxr-xr-x  2 root root    4096 júl   11 15:51 ld.so.conf.d
-rw-r--r--  1 root root     267 okt   15  2021 legal
-rw-r--r--  1 root root      27 márc  13 13:16 libao.conf
-rw-r--r--  1 root root     191 márc  17 18:50 libaudit.conf
drwxr-xr-x  3 root root    4096 ápr   19 12:03 libblockdev
drwxr-xr-x  2 root root    4096 ápr   19 12:04 libnl-3
drwxr-xr-x  2 root root    4096 márc  24 13:14 libpaper.d
drwxr-xr-x  3 root root    4096 jún   29 15:22 libreoffice
-rw-r--r--  1 root root    2996 márc   4 03:54 locale.alias
-rw-r--r--  1 root root    9454 jún    2 13:43 locale.gen
lrwxrwxrwx  1 root root      35 jún    2 13:43 localtime -> /usr/share/zoneinfo/Europe/Budapest
drwxr-xr-x  4 root root    4096 ápr   19 12:03 logcheck
-rw-r--r--  1 root root   10734 nov   11  2021 login.defs
-rw-r--r--  1 root root     592 jan   24 16:37 logrotate.conf
drwxr-xr-x  2 root root    4096 júl   11 18:22 logrotate.d
-rw-r--r--  1 root root     102 ápr   18 12:28 lsb-release
-r--r--r--  1 root root      33 jún    2 15:45 machine-id
-rw-r--r--  1 root root     111 márc  24 18:07 magic
-rw-r--r--  1 root root     111 márc  24 18:07 magic.mime
-rw-r--r--  1 root root   37013 júl   15 09:05 mailcap
-rw-r--r--  1 root root     449 dec   11  2021 mailcap.order
-rw-r--r--  1 root root    5217 márc  17 20:03 manpath.config
-rw-r--r--  1 root root   72029 márc  21 10:12 mime.types
-rw-r--r--  1 root root     744 jan    8  2022 mke2fs.conf
drwxr-xr-x  3 root root    4096 ápr   19 12:04 ModemManager
drwxr-xr-x  2 root root    4096 júl   11 18:25 modprobe.d
-rw-r--r--  1 root root     195 ápr   19 12:02 modules
drwxr-xr-x  2 root root    4096 júl   11 18:22 modules-load.d
lrwxrwxrwx  1 root root      19 jún    2 13:43 mtab -> ../proc/self/mounts
-rw-r--r--  1 root root   11204 febr   9 12:30 nanorc
-rw-r--r--  1 root root     767 márc  24 17:13 netconfig
drwxr-xr-x  2 root root    4096 ápr   19 12:09 netplan
drwxr-xr-x  6 root root    4096 ápr   19 12:04 network
drwxr-xr-x  8 root root    4096 ápr   19 12:02 networkd-dispatcher
drwxr-xr-x  7 root root    4096 jún   29 15:22 NetworkManager
-rw-r--r--  1 root root      91 okt   15  2021 networks
drwxr-xr-x  2 root root    4096 ápr   19 12:02 newt
-rwxr-xr-x  1 root root     228 márc  23 12:28 nftables.conf
-rw-r--r--  1 root root     542 jún    2 13:44 nsswitch.conf
drwxr-xr-x  4 root root    4096 ápr   19 12:04 openvpn
drwxr-xr-x  2 root root    4096 ápr   19 12:02 opt
lrwxrwxrwx  1 root root      21 ápr   22 16:34 os-release -> ../usr/lib/os-release
drwxr-xr-x  2 root root    4096 ápr   19 12:05 PackageKit
-rw-r--r--  1 root root     552 aug   12  2020 pam.conf
drwxr-xr-x  2 root root    4096 júl   13 10:47 pam.d
-rw-rw-r--  1 root root       3 jún    2 13:43 papersize
-rw-r--r--  1 root root    2889 jún    2 13:46 passwd
-rw-r--r--  1 root root    2879 jún    2 13:46 passwd-
drwxr-xr-x  2 root root    4096 ápr   19 12:04 pcmcia
drwxr-xr-x  3 root root    4096 ápr   19 12:03 perl
drwxr-xr-x  4 root root    4096 ápr   19 12:03 pki
drwxr-xr-x  3 root root    4096 ápr   19 12:04 pm
-rw-r--r--  1 root root    7649 ápr   19 12:05 pnm2ppa.conf
drwxr-xr-x  4 root root    4096 ápr   19 12:03 polkit-1
drwxr-xr-x  8 root dip     4096 ápr   19 12:04 ppp
lrwxrwxrwx  1 root root      18 jún   20 14:21 printcap -> /run/cups/printcap
-rw-r--r--  1 root root     582 okt   15  2021 profile
drwxr-xr-x  2 root root    4096 jún   29 15:22 profile.d
-rw-r--r--  1 root root    2932 ápr    1  2013 protocols
drwxr-xr-x  4 root root    4096 ápr   19 12:05 pulse
drwxr-xr-x  2 root root    4096 ápr   19 12:02 python3
drwxr-xr-x  2 root root    4096 júl   15 09:05 python3.10
drwxr-xr-x  2 root root    4096 júl   11 18:26 rc0.d
drwxr-xr-x  2 root root    4096 júl   11 18:26 rc1.d
drwxr-xr-x  2 root root    4096 júl   11 18:26 rc2.d
drwxr-xr-x  2 root root    4096 júl   11 18:26 rc3.d
drwxr-xr-x  2 root root    4096 júl   11 18:26 rc4.d
drwxr-xr-x  2 root root    4096 júl   11 18:26 rc5.d
drwxr-xr-x  2 root root    4096 júl   11 18:26 rc6.d
drwxr-xr-x  2 root root    4096 jún    2 13:44 rcS.d
lrwxrwxrwx  1 root root      39 jún    2 13:43 resolv.conf -> ../run/systemd/resolve/stub-resolv.conf
lrwxrwxrwx  1 root root      13 jún    2 13:41 rmt -> /usr/sbin/rmt
-rw-r--r--  1 root root     887 ápr    1  2013 rpc
-rw-r--r--  1 root root    1382 dec   24  2021 rsyslog.conf
drwxr-xr-x  2 root root    4096 ápr   19 12:05 rsyslog.d
-rw-r--r--  1 root root    5620 jan    9  2022 rygel.conf
drwxr-xr-x  3 root root    4096 ápr   19 12:05 sane.d
drwxr-xr-x  4 root root    4096 ápr   19 12:04 security
drwxr-xr-x  2 root root    4096 ápr   19 12:02 selinux
-rw-r--r--  1 root root   10593 márc  31 23:07 sensors3.conf
drwxr-xr-x  2 root root    4096 ápr   19 12:04 sensors.d
-rw-r--r--  1 root root   12813 márc  27  2021 services
drwxr-xr-x  3 root root    4096 ápr   19 12:05 sgml
-rw-r-----  1 root shadow  1538 jún   20 14:04 shadow
-rw-r-----  1 root shadow  1465 jún    2 13:46 shadow-
-rw-r--r--  1 root root     128 ápr   19 12:02 shells
drwxr-xr-x  2 root root    4096 ápr   19 12:02 skel
drwxr-xr-x  2 root root    4096 jún   29 15:22 snmp
drwxr-xr-x  4 root root    4096 ápr   19 12:05 speech-dispatcher
drwxr-xr-x  3 root root    4096 ápr   19 12:04 ssh
drwxr-xr-x  4 root root    4096 júl    6 11:54 ssl
-rw-r--r--  1 root root      48 jún    2 13:46 subgid
-rw-r--r--  1 root root      27 jún    2 13:43 subgid-
-rw-r--r--  1 root root      48 jún    2 13:46 subuid
-rw-r--r--  1 root root      27 jún    2 13:43 subuid-
-rw-r--r--  1 root root    4573 febr  14 12:48 sudo.conf
-r--r-----  1 root root    1671 febr   8 09:41 sudoers
drwxr-xr-x  2 root root    4096 jún    2 13:44 sudoers.d
-rw-r--r--  1 root root    9390 febr  14 12:48 sudo_logsrvd.conf
-rw-r--r--  1 root root    2355 febr  25 12:32 sysctl.conf
drwxr-xr-x  2 root root    4096 júl   11 18:22 sysctl.d
drwxr-xr-x  5 root root    4096 júl   11 18:22 systemd
drwxr-xr-x  2 root root    4096 ápr   19 12:02 terminfo
drwxr-xr-x  2 root root    4096 ápr   19 12:04 thermald
drwxr-xr-x  2 root root    4096 júl   14 10:33 thunderbird
-rw-r--r--  1 root root      16 jún    2 13:43 timezone
drwxr-xr-x  2 root root    4096 ápr    7 21:28 tmpfiles.d
drwxr-xr-x  2 root root    4096 júl   11 18:22 ubuntu-advantage
-rw-r--r--  1 root root    1260 jún   16  2020 ucf.conf
drwxr-xr-x  4 root root    4096 júl   11 18:22 udev
drwxr-xr-x  2 root root    4096 ápr   19 12:05 udisks2
drwxr-xr-x  3 root root    4096 ápr   19 12:05 ufw
drwxr-xr-x  3 root root    4096 jún   29 15:23 update-manager
drwxr-xr-x  2 root root    4096 júl   11 18:22 update-motd.d
drwxr-xr-x  2 root root    4096 márc  30 12:20 update-notifier
drwxr-xr-x  2 root root    4096 ápr   19 12:04 UPower
-rw-r--r--  1 root root    1523 márc  25 10:53 usb_modeswitch.conf
drwxr-xr-x  2 root root    4096 szept  6  2021 usb_modeswitch.d
drwxr-xr-x  2 root root    4096 ápr   19 12:02 vim
lrwxrwxrwx  1 root root      23 jún    2 13:41 vtrgb -> /etc/alternatives/vtrgb
drwxr-xr-x  5 root root    4096 ápr   19 12:03 vulkan
-rw-r--r--  1 root root    4942 jan   24 12:59 wgetrc
drwxr-xr-x  2 root root    4096 jún   29 15:22 wpa_supplicant
drwxr-xr-x 12 root root    4096 ápr   19 12:05 X11
-rw-r--r--  1 root root     681 márc  23 10:41 xattr.conf
drwxr-xr-x  6 root root    4096 ápr   19 12:03 xdg
drwxr-xr-x  2 root root    4096 ápr   19 12:05 xml
-rw-r--r--  1 root root     460 dec    8  2021 zsh_command_not_found
total 20
-rw-r--r--  1 root              root     4 júl   13 11:04 acpid.pid
srw-rw-rw-  1 root              root     0 júl   13 11:04 acpid.socket
drwxr-xr-x  2 root              root    40 júl   13 11:04 alsa
drwxr-xr-x  2 avahi             avahi   80 júl   13 11:04 avahi-daemon
drwxr-xr-x  2 root              root    60 júl   13 11:04 blkid
drwxr-xr-x  3 root              root    60 júl   13 11:04 boltd
drwxr-xr-x  2 root              root    80 júl   13 11:04 console-setup
drwxr-xr-x  3 root              root    60 júl   13 11:04 credentials
-rw-r--r--  1 root              root     4 júl   13 11:04 crond.pid
----------  1 root              root     0 júl   13 11:04 crond.reboot
drwxr-xr-x  3 root              lp     100 júl   17 19:54 cups
drwxr-xr-x  2 root              root    60 júl   13 11:04 dbus
drwx--x--x  3 root              gdm     60 júl   13 11:04 gdm3
-rw-r--r--  1 root              root     4 júl   13 11:04 gdm3.pid
prw-------  1 root              root     0 júl   13 11:04 initctl
drwx------  2 root              root    80 júl   13 11:04 initramfs
drwxr-xr-x  2 root              root    60 júl   13 11:04 irqbalance
drwxrwxrwt  4 root              root   100 júl   13 11:05 lock
drwxr-xr-x  3 root              root    60 júl   13 11:04 log
drwxr-xr-x  2 root              root    60 júl   17 19:54 motd.d
drwxr-xr-x  2 root              root    80 júl   13 11:04 mount
drwxr-xr-x  2 root              root    40 júl   13 11:05 netns
drwxr-xr-x  5 root              root   140 júl   17 19:54 NetworkManager
drwxr-xr-x  2 root              root    40 júl   13 11:04 openvpn
drwx--x---  2 root              root    40 júl   13 11:04 openvpn-client
drwx--x---  2 root              root    40 júl   13 11:04 openvpn-server
drwxr-xr-x  2 root              root    40 júl   13 11:04 plymouth
drwxr-xr-x  2 root              root    40 júl   13 11:04 sendsigs.omit.d
lrwxrwxrwx  1 root              root     8 júl   13 11:04 shm -> /dev/shm
drwxr-xr-x  4 root              root    80 júl   13 11:05 snapd
srw-rw-rw-  1 root              root     0 júl   13 11:04 snapd-snap.socket
srw-rw-rw-  1 root              root     0 júl   13 11:04 snapd.socket
drwxr-x---  3 speech-dispatcher audio  100 júl   13 11:04 speech-dispatcher
drwxr-xr-x  2 root              root    40 júl   13 11:04 spice-vdagentd
drwx--x--x  2 root              root    40 júl   13 11:04 sudo
drwxr-xr-x 24 root              root   560 júl   14 13:42 systemd
drwxr-xr-x  2 root              root    60 júl   13 11:04 thermald
drwxr-xr-x  2 root              root    60 júl   13 11:04 tmpfiles.d
drwxr-xr-x  7 root              root   200 júl   17 21:04 udev
drwx------  2 root              root    40 júl   13 11:04 udisks2
-rw-r-----  1 root              root     0 júl   14 10:33 unattended-upgrades.lock
-rw-r--r--  1 root              root    38 júl   15 09:05 unattended-upgrades.progress
drwxr-xr-x  3 root              root    60 júl   13 11:05 user
-rw-rw-r--  1 root              utmp  1152 júl   13 11:05 utmp
drwxr-xr-x  2 root              root    60 júl   13 11:04 uuidd
drwxr-x---  2 root              root    80 júl   17 19:54 wpa_supplicant
administrator@16HW025294:~$ cat reversed.txt
total 1140
drwxr-xr-x  3 root root    4096 ápr   19 12:04 acpi
-rw-r--r--  1 root root    3028 ápr   19 12:02 adduser.conf
drwxr-xr-x  3 root root    4096 ápr   19 12:03 alsa
drwxr-xr-x  2 root root    4096 júl   11 15:51 alternatives
-rw-r--r--  1 root root     335 márc  23 10:40 anacrontab
-rw-r--r--  1 root root     433 márc  23 10:40 apg.conf
drwxr-xr-x  5 root root    4096 ápr   19 12:03 apm
drwxr-xr-x  3 root root    4096 júl   11 18:22 apparmor
drwxr-xr-x  8 root root    4096 júl   11 18:22 apparmor.d
drwxr-xr-x  4 root root    4096 jún   20 14:23 apport
-rw-r--r--  1 root root     769 febr  22 17:53 appstream.conf
drwxr-xr-x  8 root root    4096 jún    2 13:44 apt
drwxr-xr-x  3 root root    4096 ápr   19 12:05 avahi
-rw-r--r--  1 root root    2319 jan    6  2022 bash.bashrc
-rw-r--r--  1 root root      45 nov   11  2021 bash_completion
drwxr-xr-x  2 root root    4096 jún   20 14:23 bash_completion.d
-rw-r--r--  1 root root     367 dec   16  2020 bindresvport.blacklist
drwxr-xr-x  2 root root    4096 ápr    7 21:28 binfmt.d
drwxr-xr-x  2 root root    4096 ápr   19 12:04 bluetooth
-rw-r-----  1 root root      33 ápr   19 12:05 brlapi.key
drwxr-xr-x  7 root root    4096 ápr   19 12:04 brltty
-rw-r--r--  1 root root   29219 márc  18 17:59 brltty.conf
drwxr-xr-x  3 root root    4096 ápr   19 12:02 ca-certificates
-rw-r--r--  1 root root    5529 ápr   19 12:02 ca-certificates.conf
drwxr-s---  2 root dip     4096 ápr   19 12:04 chatscripts
drwxr-xr-x  2 root root    4096 jún    2 13:43 console-setup
drwxr-xr-x  2 root root    4096 ápr   19 12:04 cracklib
drwxr-xr-x  2 root root    4096 jún   23 07:56 cron.d
drwxr-xr-x  2 root root    4096 jún   20 14:23 cron.daily
drwxr-xr-x  2 root root    4096 ápr   19 12:02 cron.hourly
drwxr-xr-x  2 root root    4096 ápr   19 12:04 cron.monthly
-rw-r--r--  1 root root    1136 márc  23 14:49 crontab
drwxr-xr-x  2 root root    4096 ápr   19 12:05 cron.weekly
drwxr-xr-x  5 root lp      4096 júl   17 19:54 cups
drwxr-xr-x  2 root root    4096 ápr   19 12:05 cupshelpers
drwxr-xr-x  4 root root    4096 ápr   19 12:02 dbus-1
drwxr-xr-x  4 root root    4096 ápr   19 12:04 dconf
-rw-r--r--  1 root root    2969 febr  20 15:42 debconf.conf
-rw-r--r--  1 root root      13 aug   22  2021 debian_version
drwxr-xr-x  3 root root    4096 júl   11 18:26 default
-rw-r--r--  1 root root     604 szept 16  2018 deluser.conf
drwxr-xr-x  2 root root    4096 ápr   19 12:02 depmod.d
drwxr-xr-x  4 root root    4096 júl   11 18:22 dhcp
drwxr-xr-x  2 root root    4096 jún    2 13:44 dictionaries-common
drwxr-xr-x  4 root root    4096 júl   11 18:25 dkms
drwxr-xr-x  4 root root    4096 júl   11 15:51 dpkg
-rw-r--r--  1 root root     685 jan    8  2022 e2scrub.conf
drwxr-xr-x  3 root root    4096 ápr   19 12:03 emacs
-rw-r--r--  1 root root     106 ápr   19 12:02 environment
drwxr-xr-x  2 root root    4096 ápr   19 12:05 environment.d
-rw-r--r--  1 root root    1816 dec   27  2019 ethertypes
drwxr-xr-x  3 root root    4096 ápr   19 12:03 firefox
drwxr-xr-x  4 root root    4096 ápr   19 12:04 fonts
-rw-r--r--  1 root root      20 febr  24 17:19 fprintd.conf
-rw-rw-r--  1 root root     675 jún    2 13:41 fstab
-rw-r--r--  1 root root     694 márc  23 14:53 fuse.conf
drwxr-xr-x  3 root root    4096 ápr   19 12:05 fwupd
-rw-r--r--  1 root root    2584 febr   3 06:27 gai.conf
drwxr-xr-x  3 root root    4096 ápr   19 12:05 gdb
drwxr-xr-x  8 root root    4096 jún   29 15:23 gdm3
drwxr-xr-x  2 root root    4096 ápr   19 12:05 geoclue
drwxr-xr-x  4 root root    4096 ápr   19 12:03 ghostscript
drwxr-xr-x  3 root root    4096 ápr   19 12:03 glvnd
drwxr-xr-x  2 root root    4096 ápr   19 12:04 gnome
drwxr-xr-x  2 root root    4096 ápr   19 12:04 groff
-rw-r--r--  1 root root    1173 júl   11 18:26 group
-rw-r--r--  1 root root    1156 júl   11 18:16 group-
drwxr-xr-x  2 root root    4096 ápr   19 12:07 grub.d
-rw-r-----  1 root shadow   985 júl   11 18:26 gshadow
-rw-r-----  1 root shadow   971 júl   11 18:16 gshadow-
drwxr-xr-x  3 root root    4096 febr  21 21:05 gss
drwxr-xr-x  2 root root    4096 ápr   19 12:04 gtk-2.0
drwxr-xr-x  2 root root    4096 jún   29 15:23 gtk-3.0
-rw-r--r--  1 root root    4436 dec   15  2020 hdparm.conf
-rw-r--r--  1 root root      92 okt   15  2021 host.conf
-rw-r--r--  1 root root       4 ápr   19 12:06 hostid
-rw-r--r--  1 root root      11 jún    2 13:43 hostname
-rw-r--r--  1 root root     225 jún    2 13:43 hosts
-rw-r--r--  1 root root     411 ápr   19 12:04 hosts.allow
-rw-r--r--  1 root root     711 ápr   19 12:04 hosts.deny
drwxr-xr-x  2 root root    4096 ápr   19 12:05 hp
drwxr-xr-x  3 root root    4096 ápr   19 12:04 ifplugd
drwxr-xr-x  2 root root    4096 jún    2 13:44 init
drwxr-xr-x  2 root root    4096 júl   11 18:26 init.d
drwxr-xr-x  5 root root    4096 ápr   19 12:05 initramfs-tools
-rw-r--r--  1 root root    1748 jan    6  2022 inputrc
drwxr-xr-x  2 root root    4096 jún   29 15:23 insserv.conf.d
drwxr-xr-x  2 root root    4096 ápr   19 12:05 ipp-usb
drwxr-xr-x  4 root root    4096 ápr   19 12:02 iproute2
-rw-r--r--  1 root root      24 ápr   18 12:28 issue
-rw-r--r--  1 root root      17 ápr   18 12:28 issue.net
drwxr-xr-x  8 root root    4096 júl   11 15:51 kernel
-rw-r--r--  1 root root     110 jún    2 13:43 kernel-img.conf
-rw-r--r--  1 root root    1308 márc  24 13:07 kerneloops.conf
drwxr-xr-x  2 root root    4096 jún   29 15:22 ldap
-rw-r--r--  1 root root   59393 júl   15 09:05 ld.so.cache
-rw-r--r--  1 root root      34 dec   16  2020 ld.so.conf
drwxr-xr-x  2 root root    4096 júl   11 15:51 ld.so.conf.d
-rw-r--r--  1 root root     267 okt   15  2021 legal
-rw-r--r--  1 root root      27 márc  13 13:16 libao.conf
-rw-r--r--  1 root root     191 márc  17 18:50 libaudit.conf
drwxr-xr-x  3 root root    4096 ápr   19 12:03 libblockdev
drwxr-xr-x  2 root root    4096 ápr   19 12:04 libnl-3
drwxr-xr-x  2 root root    4096 márc  24 13:14 libpaper.d
drwxr-xr-x  3 root root    4096 jún   29 15:22 libreoffice
-rw-r--r--  1 root root    2996 márc   4 03:54 locale.alias
-rw-r--r--  1 root root    9454 jún    2 13:43 locale.gen
lrwxrwxrwx  1 root root      35 jún    2 13:43 localtime -> /usr/share/zoneinfo/Europe/Budapest
drwxr-xr-x  4 root root    4096 ápr   19 12:03 logcheck
-rw-r--r--  1 root root   10734 nov   11  2021 login.defs
-rw-r--r--  1 root root     592 jan   24 16:37 logrotate.conf
drwxr-xr-x  2 root root    4096 júl   11 18:22 logrotate.d
-rw-r--r--  1 root root     102 ápr   18 12:28 lsb-release
-r--r--r--  1 root root      33 jún    2 15:45 machine-id
-rw-r--r--  1 root root     111 márc  24 18:07 magic
-rw-r--r--  1 root root     111 márc  24 18:07 magic.mime
-rw-r--r--  1 root root   37013 júl   15 09:05 mailcap
-rw-r--r--  1 root root     449 dec   11  2021 mailcap.order
-rw-r--r--  1 root root    5217 márc  17 20:03 manpath.config
-rw-r--r--  1 root root   72029 márc  21 10:12 mime.types
-rw-r--r--  1 root root     744 jan    8  2022 mke2fs.conf
drwxr-xr-x  3 root root    4096 ápr   19 12:04 ModemManager
drwxr-xr-x  2 root root    4096 júl   11 18:25 modprobe.d
-rw-r--r--  1 root root     195 ápr   19 12:02 modules
drwxr-xr-x  2 root root    4096 júl   11 18:22 modules-load.d
lrwxrwxrwx  1 root root      19 jún    2 13:43 mtab -> ../proc/self/mounts
-rw-r--r--  1 root root   11204 febr   9 12:30 nanorc
-rw-r--r--  1 root root     767 márc  24 17:13 netconfig
drwxr-xr-x  2 root root    4096 ápr   19 12:09 netplan
drwxr-xr-x  6 root root    4096 ápr   19 12:04 network
drwxr-xr-x  8 root root    4096 ápr   19 12:02 networkd-dispatcher
drwxr-xr-x  7 root root    4096 jún   29 15:22 NetworkManager
-rw-r--r--  1 root root      91 okt   15  2021 networks
drwxr-xr-x  2 root root    4096 ápr   19 12:02 newt
-rwxr-xr-x  1 root root     228 márc  23 12:28 nftables.conf
-rw-r--r--  1 root root     542 jún    2 13:44 nsswitch.conf
drwxr-xr-x  4 root root    4096 ápr   19 12:04 openvpn
drwxr-xr-x  2 root root    4096 ápr   19 12:02 opt
lrwxrwxrwx  1 root root      21 ápr   22 16:34 os-release -> ../usr/lib/os-release
drwxr-xr-x  2 root root    4096 ápr   19 12:05 PackageKit
-rw-r--r--  1 root root     552 aug   12  2020 pam.conf
drwxr-xr-x  2 root root    4096 júl   13 10:47 pam.d
-rw-rw-r--  1 root root       3 jún    2 13:43 papersize
-rw-r--r--  1 root root    2889 jún    2 13:46 passwd
-rw-r--r--  1 root root    2879 jún    2 13:46 passwd-
drwxr-xr-x  2 root root    4096 ápr   19 12:04 pcmcia
drwxr-xr-x  3 root root    4096 ápr   19 12:03 perl
drwxr-xr-x  4 root root    4096 ápr   19 12:03 pki
drwxr-xr-x  3 root root    4096 ápr   19 12:04 pm
-rw-r--r--  1 root root    7649 ápr   19 12:05 pnm2ppa.conf
drwxr-xr-x  4 root root    4096 ápr   19 12:03 polkit-1
drwxr-xr-x  8 root dip     4096 ápr   19 12:04 ppp
lrwxrwxrwx  1 root root      18 jún   20 14:21 printcap -> /run/cups/printcap
-rw-r--r--  1 root root     582 okt   15  2021 profile
drwxr-xr-x  2 root root    4096 jún   29 15:22 profile.d
-rw-r--r--  1 root root    2932 ápr    1  2013 protocols
drwxr-xr-x  4 root root    4096 ápr   19 12:05 pulse
drwxr-xr-x  2 root root    4096 ápr   19 12:02 python3
drwxr-xr-x  2 root root    4096 júl   15 09:05 python3.10
drwxr-xr-x  2 root root    4096 júl   11 18:26 rc0.d
drwxr-xr-x  2 root root    4096 júl   11 18:26 rc1.d
drwxr-xr-x  2 root root    4096 júl   11 18:26 rc2.d
drwxr-xr-x  2 root root    4096 júl   11 18:26 rc3.d
drwxr-xr-x  2 root root    4096 júl   11 18:26 rc4.d
drwxr-xr-x  2 root root    4096 júl   11 18:26 rc5.d
drwxr-xr-x  2 root root    4096 júl   11 18:26 rc6.d
drwxr-xr-x  2 root root    4096 jún    2 13:44 rcS.d
lrwxrwxrwx  1 root root      39 jún    2 13:43 resolv.conf -> ../run/systemd/resolve/stub-resolv.conf
lrwxrwxrwx  1 root root      13 jún    2 13:41 rmt -> /usr/sbin/rmt
-rw-r--r--  1 root root     887 ápr    1  2013 rpc
-rw-r--r--  1 root root    1382 dec   24  2021 rsyslog.conf
drwxr-xr-x  2 root root    4096 ápr   19 12:05 rsyslog.d
-rw-r--r--  1 root root    5620 jan    9  2022 rygel.conf
drwxr-xr-x  3 root root    4096 ápr   19 12:05 sane.d
drwxr-xr-x  4 root root    4096 ápr   19 12:04 security
drwxr-xr-x  2 root root    4096 ápr   19 12:02 selinux
-rw-r--r--  1 root root   10593 márc  31 23:07 sensors3.conf
drwxr-xr-x  2 root root    4096 ápr   19 12:04 sensors.d
-rw-r--r--  1 root root   12813 márc  27  2021 services
drwxr-xr-x  3 root root    4096 ápr   19 12:05 sgml
-rw-r-----  1 root shadow  1538 jún   20 14:04 shadow
-rw-r-----  1 root shadow  1465 jún    2 13:46 shadow-
-rw-r--r--  1 root root     128 ápr   19 12:02 shells
drwxr-xr-x  2 root root    4096 ápr   19 12:02 skel
drwxr-xr-x  2 root root    4096 jún   29 15:22 snmp
drwxr-xr-x  4 root root    4096 ápr   19 12:05 speech-dispatcher
drwxr-xr-x  3 root root    4096 ápr   19 12:04 ssh
drwxr-xr-x  4 root root    4096 júl    6 11:54 ssl
-rw-r--r--  1 root root      48 jún    2 13:46 subgid
-rw-r--r--  1 root root      27 jún    2 13:43 subgid-
-rw-r--r--  1 root root      48 jún    2 13:46 subuid
-rw-r--r--  1 root root      27 jún    2 13:43 subuid-
-rw-r--r--  1 root root    4573 febr  14 12:48 sudo.conf
-r--r-----  1 root root    1671 febr   8 09:41 sudoers
drwxr-xr-x  2 root root    4096 jún    2 13:44 sudoers.d
-rw-r--r--  1 root root    9390 febr  14 12:48 sudo_logsrvd.conf
-rw-r--r--  1 root root    2355 febr  25 12:32 sysctl.conf
drwxr-xr-x  2 root root    4096 júl   11 18:22 sysctl.d
drwxr-xr-x  5 root root    4096 júl   11 18:22 systemd
drwxr-xr-x  2 root root    4096 ápr   19 12:02 terminfo
drwxr-xr-x  2 root root    4096 ápr   19 12:04 thermald
drwxr-xr-x  2 root root    4096 júl   14 10:33 thunderbird
-rw-r--r--  1 root root      16 jún    2 13:43 timezone
drwxr-xr-x  2 root root    4096 ápr    7 21:28 tmpfiles.d
drwxr-xr-x  2 root root    4096 júl   11 18:22 ubuntu-advantage
-rw-r--r--  1 root root    1260 jún   16  2020 ucf.conf
drwxr-xr-x  4 root root    4096 júl   11 18:22 udev
drwxr-xr-x  2 root root    4096 ápr   19 12:05 udisks2
drwxr-xr-x  3 root root    4096 ápr   19 12:05 ufw
drwxr-xr-x  3 root root    4096 jún   29 15:23 update-manager
drwxr-xr-x  2 root root    4096 júl   11 18:22 update-motd.d
drwxr-xr-x  2 root root    4096 márc  30 12:20 update-notifier
drwxr-xr-x  2 root root    4096 ápr   19 12:04 UPower
-rw-r--r--  1 root root    1523 márc  25 10:53 usb_modeswitch.conf
drwxr-xr-x  2 root root    4096 szept  6  2021 usb_modeswitch.d
drwxr-xr-x  2 root root    4096 ápr   19 12:02 vim
lrwxrwxrwx  1 root root      23 jún    2 13:41 vtrgb -> /etc/alternatives/vtrgb
drwxr-xr-x  5 root root    4096 ápr   19 12:03 vulkan
-rw-r--r--  1 root root    4942 jan   24 12:59 wgetrc
drwxr-xr-x  2 root root    4096 jún   29 15:22 wpa_supplicant
drwxr-xr-x 12 root root    4096 ápr   19 12:05 X11
-rw-r--r--  1 root root     681 márc  23 10:41 xattr.conf
drwxr-xr-x  6 root root    4096 ápr   19 12:03 xdg
drwxr-xr-x  2 root root    4096 ápr   19 12:05 xml
-rw-r--r--  1 root root     460 dec    8  2021 zsh_command_not_found
administrator@16HW025294:~$ sort -r unsorted.txt
total 20
total 1140
srw-rw-rw-  1 root              root     0 júl   13 11:04 snapd.socket
srw-rw-rw-  1 root              root     0 júl   13 11:04 snapd-snap.socket
srw-rw-rw-  1 root              root     0 júl   13 11:04 acpid.socket
-rwxr-xr-x  1 root root     228 márc  23 12:28 nftables.conf
-rw-rw-r--  1 root              utmp  1152 júl   13 11:05 utmp
-rw-rw-r--  1 root root     675 jún    2 13:41 fstab
-rw-rw-r--  1 root root       3 jún    2 13:43 papersize
-rw-r--r--  1 root root    9454 jún    2 13:43 locale.gen
-rw-r--r--  1 root root    9390 febr  14 12:48 sudo_logsrvd.conf
-rw-r--r--  1 root root      92 okt   15  2021 host.conf
-rw-r--r--  1 root root      91 okt   15  2021 networks
-rw-r--r--  1 root root     887 ápr    1  2013 rpc
-rw-r--r--  1 root root     769 febr  22 17:53 appstream.conf
-rw-r--r--  1 root root     767 márc  24 17:13 netconfig
-rw-r--r--  1 root root    7649 ápr   19 12:05 pnm2ppa.conf
-rw-r--r--  1 root root     744 jan    8  2022 mke2fs.conf
-rw-r--r--  1 root root   72029 márc  21 10:12 mime.types
-rw-r--r--  1 root root     711 ápr   19 12:04 hosts.deny
-rw-r--r--  1 root root     694 márc  23 14:53 fuse.conf
-rw-r--r--  1 root root     685 jan    8  2022 e2scrub.conf
-rw-r--r--  1 root root     681 márc  23 10:41 xattr.conf
-rw-r--r--  1 root root     604 szept 16  2018 deluser.conf
-rw-r--r--  1 root root   59393 júl   15 09:05 ld.so.cache
-rw-r--r--  1 root root     592 jan   24 16:37 logrotate.conf
-rw-r--r--  1 root root     582 okt   15  2021 profile
-rw-r--r--  1 root root    5620 jan    9  2022 rygel.conf
-rw-r--r--  1 root root     552 aug   12  2020 pam.conf
-rw-r--r--  1 root root    5529 ápr   19 12:02 ca-certificates.conf
-rw-r--r--  1 root root     542 jún    2 13:44 nsswitch.conf
-rw-r--r--  1 root root    5217 márc  17 20:03 manpath.config
-rw-r--r--  1 root              root     4 júl   13 11:04 gdm3.pid
-rw-r--r--  1 root              root     4 júl   13 11:04 crond.pid
-rw-r--r--  1 root              root     4 júl   13 11:04 acpid.pid
-rw-r--r--  1 root root       4 ápr   19 12:06 hostid
-rw-r--r--  1 root root    4942 jan   24 12:59 wgetrc
-rw-r--r--  1 root root      48 jún    2 13:46 subuid
-rw-r--r--  1 root root      48 jún    2 13:46 subgid
-rw-r--r--  1 root root     460 dec    8  2021 zsh_command_not_found
-rw-r--r--  1 root root      45 nov   11  2021 bash_completion
-rw-r--r--  1 root root    4573 febr  14 12:48 sudo.conf
-rw-r--r--  1 root root     449 dec   11  2021 mailcap.order
-rw-r--r--  1 root root    4436 dec   15  2020 hdparm.conf
-rw-r--r--  1 root root     433 márc  23 10:40 apg.conf
-rw-r--r--  1 root root     411 ápr   19 12:04 hosts.allow
-rw-r--r--  1 root              root    38 júl   15 09:05 unattended-upgrades.progress
-rw-r--r--  1 root root   37013 júl   15 09:05 mailcap
-rw-r--r--  1 root root     367 dec   16  2020 bindresvport.blacklist
-rw-r--r--  1 root root      34 dec   16  2020 ld.so.conf
-rw-r--r--  1 root root     335 márc  23 10:40 anacrontab
-rw-r--r--  1 root root    3028 ápr   19 12:02 adduser.conf
-rw-r--r--  1 root root    2996 márc   4 03:54 locale.alias
-rw-r--r--  1 root root    2969 febr  20 15:42 debconf.conf
-rw-r--r--  1 root root    2932 ápr    1  2013 protocols
-rw-r--r--  1 root root   29219 márc  18 17:59 brltty.conf
-rw-r--r--  1 root root    2889 jún    2 13:46 passwd
-rw-r--r--  1 root root    2879 jún    2 13:46 passwd-
-rw-r--r--  1 root root      27 márc  13 13:16 libao.conf
-rw-r--r--  1 root root      27 jún    2 13:43 subuid-
-rw-r--r--  1 root root      27 jún    2 13:43 subgid-
-rw-r--r--  1 root root     267 okt   15  2021 legal
-rw-r--r--  1 root root    2584 febr   3 06:27 gai.conf
-rw-r--r--  1 root root      24 ápr   18 12:28 issue
-rw-r--r--  1 root root    2355 febr  25 12:32 sysctl.conf
-rw-r--r--  1 root root    2319 jan    6  2022 bash.bashrc
-rw-r--r--  1 root root     225 jún    2 13:43 hosts
-rw-r--r--  1 root root      20 febr  24 17:19 fprintd.conf
-rw-r--r--  1 root root     195 ápr   19 12:02 modules
-rw-r--r--  1 root root     191 márc  17 18:50 libaudit.conf
-rw-r--r--  1 root root    1816 dec   27  2019 ethertypes
-rw-r--r--  1 root root      17 ápr   18 12:28 issue.net
-rw-r--r--  1 root root    1748 jan    6  2022 inputrc
-rw-r--r--  1 root root      16 jún    2 13:43 timezone
-rw-r--r--  1 root root    1523 márc  25 10:53 usb_modeswitch.conf
-rw-r--r--  1 root root      13 aug   22  2021 debian_version
-rw-r--r--  1 root root    1382 dec   24  2021 rsyslog.conf
-rw-r--r--  1 root root    1308 márc  24 13:07 kerneloops.conf
-rw-r--r--  1 root root     128 ápr   19 12:02 shells
-rw-r--r--  1 root root   12813 márc  27  2021 services
-rw-r--r--  1 root root    1260 jún   16  2020 ucf.conf
-rw-r--r--  1 root root      11 jún    2 13:43 hostname
-rw-r--r--  1 root root    1173 júl   11 18:26 group
-rw-r--r--  1 root root    1156 júl   11 18:16 group-
-rw-r--r--  1 root root    1136 márc  23 14:49 crontab
-rw-r--r--  1 root root   11204 febr   9 12:30 nanorc
-rw-r--r--  1 root root     111 márc  24 18:07 magic.mime
-rw-r--r--  1 root root     111 márc  24 18:07 magic
-rw-r--r--  1 root root     110 jún    2 13:43 kernel-img.conf
-rw-r--r--  1 root root   10734 nov   11  2021 login.defs
-rw-r--r--  1 root root     106 ápr   19 12:02 environment
-rw-r--r--  1 root root   10593 márc  31 23:07 sensors3.conf
-rw-r--r--  1 root root     102 ápr   18 12:28 lsb-release
-rw-r-----  1 root shadow   985 júl   11 18:26 gshadow
-rw-r-----  1 root shadow   971 júl   11 18:16 gshadow-
-rw-r-----  1 root shadow  1538 jún   20 14:04 shadow
-rw-r-----  1 root shadow  1465 jún    2 13:46 shadow-
-rw-r-----  1 root root      33 ápr   19 12:05 brlapi.key
-rw-r-----  1 root              root     0 júl   14 10:33 unattended-upgrades.lock
-r--r--r--  1 root root      33 jún    2 15:45 machine-id
-r--r-----  1 root root    1671 febr   8 09:41 sudoers
prw-------  1 root              root     0 júl   13 11:04 initctl
lrwxrwxrwx  1 root              root     8 júl   13 11:04 shm -> /dev/shm
lrwxrwxrwx  1 root root      39 jún    2 13:43 resolv.conf -> ../run/systemd/resolve/stub-resolv.conf
lrwxrwxrwx  1 root root      35 jún    2 13:43 localtime -> /usr/share/zoneinfo/Europe/Budapest
lrwxrwxrwx  1 root root      23 jún    2 13:41 vtrgb -> /etc/alternatives/vtrgb
lrwxrwxrwx  1 root root      21 ápr   22 16:34 os-release -> ../usr/lib/os-release
lrwxrwxrwx  1 root root      19 jún    2 13:43 mtab -> ../proc/self/mounts
lrwxrwxrwx  1 root root      18 jún   20 14:21 printcap -> /run/cups/printcap
lrwxrwxrwx  1 root root      13 jún    2 13:41 rmt -> /usr/sbin/rmt
drwx--x--x  3 root              gdm     60 júl   13 11:04 gdm3
drwx--x--x  2 root              root    40 júl   13 11:04 sudo
drwx--x---  2 root              root    40 júl   13 11:04 openvpn-server
drwx--x---  2 root              root    40 júl   13 11:04 openvpn-client
drwxr-xr-x  8 root root    4096 jún   29 15:23 gdm3
drwxr-xr-x  8 root root    4096 jún    2 13:44 apt
drwxr-xr-x  8 root root    4096 júl   11 18:22 apparmor.d
drwxr-xr-x  8 root root    4096 júl   11 15:51 kernel
drwxr-xr-x  8 root root    4096 ápr   19 12:02 networkd-dispatcher
drwxr-xr-x  8 root dip     4096 ápr   19 12:04 ppp
drwxr-xr-x  7 root root    4096 jún   29 15:22 NetworkManager
drwxr-xr-x  7 root root    4096 ápr   19 12:04 brltty
drwxr-xr-x  7 root              root   200 júl   17 21:04 udev
drwxr-xr-x  6 root root    4096 ápr   19 12:04 network
drwxr-xr-x  6 root root    4096 ápr   19 12:03 xdg
drwxr-xr-x  5 root root    4096 júl   11 18:22 systemd
drwxr-xr-x  5 root root    4096 ápr   19 12:05 initramfs-tools
drwxr-xr-x  5 root root    4096 ápr   19 12:03 vulkan
drwxr-xr-x  5 root root    4096 ápr   19 12:03 apm
drwxr-xr-x  5 root              root   140 júl   17 19:54 NetworkManager
drwxr-xr-x  5 root lp      4096 júl   17 19:54 cups
drwxr-xr-x  4 root              root    80 júl   13 11:05 snapd
drwxr-xr-x  4 root root    4096 jún   20 14:23 apport
drwxr-xr-x  4 root root    4096 júl    6 11:54 ssl
drwxr-xr-x  4 root root    4096 júl   11 18:25 dkms
drwxr-xr-x  4 root root    4096 júl   11 18:22 udev
drwxr-xr-x  4 root root    4096 júl   11 18:22 dhcp
drwxr-xr-x  4 root root    4096 júl   11 15:51 dpkg
drwxr-xr-x  4 root root    4096 ápr   19 12:05 speech-dispatcher
drwxr-xr-x  4 root root    4096 ápr   19 12:05 pulse
drwxr-xr-x  4 root root    4096 ápr   19 12:04 security
drwxr-xr-x  4 root root    4096 ápr   19 12:04 openvpn
drwxr-xr-x  4 root root    4096 ápr   19 12:04 fonts
drwxr-xr-x  4 root root    4096 ápr   19 12:04 dconf
drwxr-xr-x  4 root root    4096 ápr   19 12:03 polkit-1
drwxr-xr-x  4 root root    4096 ápr   19 12:03 pki
drwxr-xr-x  4 root root    4096 ápr   19 12:03 logcheck
drwxr-xr-x  4 root root    4096 ápr   19 12:03 ghostscript
drwxr-xr-x  4 root root    4096 ápr   19 12:02 iproute2
drwxr-xr-x  4 root root    4096 ápr   19 12:02 dbus-1
drwxr-xr-x  3 root              root    60 júl   13 11:05 user
drwxr-xr-x  3 root              root    60 júl   13 11:04 log
drwxr-xr-x  3 root              root    60 júl   13 11:04 credentials
drwxr-xr-x  3 root              root    60 júl   13 11:04 boltd
drwxr-xr-x  3 root root    4096 jún   29 15:23 update-manager
drwxr-xr-x  3 root root    4096 jún   29 15:22 libreoffice
drwxr-xr-x  3 root root    4096 júl   11 18:26 default
drwxr-xr-x  3 root root    4096 júl   11 18:22 apparmor
drwxr-xr-x  3 root root    4096 febr  21 21:05 gss
drwxr-xr-x  3 root root    4096 ápr   19 12:05 ufw
drwxr-xr-x  3 root root    4096 ápr   19 12:05 sgml
drwxr-xr-x  3 root root    4096 ápr   19 12:05 sane.d
drwxr-xr-x  3 root root    4096 ápr   19 12:05 gdb
drwxr-xr-x  3 root root    4096 ápr   19 12:05 fwupd
drwxr-xr-x  3 root root    4096 ápr   19 12:05 avahi
drwxr-xr-x  3 root root    4096 ápr   19 12:04 ssh
drwxr-xr-x  3 root root    4096 ápr   19 12:04 pm
drwxr-xr-x  3 root root    4096 ápr   19 12:04 ModemManager
drwxr-xr-x  3 root root    4096 ápr   19 12:04 ifplugd
drwxr-xr-x  3 root root    4096 ápr   19 12:04 acpi
drwxr-xr-x  3 root root    4096 ápr   19 12:03 perl
drwxr-xr-x  3 root root    4096 ápr   19 12:03 libblockdev
drwxr-xr-x  3 root root    4096 ápr   19 12:03 glvnd
drwxr-xr-x  3 root root    4096 ápr   19 12:03 firefox
drwxr-xr-x  3 root root    4096 ápr   19 12:03 emacs
drwxr-xr-x  3 root root    4096 ápr   19 12:03 alsa
drwxr-xr-x  3 root root    4096 ápr   19 12:02 ca-certificates
drwxr-xr-x  3 root              lp     100 júl   17 19:54 cups
drwxr-xr-x  2 root              root    80 júl   13 11:04 mount
drwxr-xr-x  2 root              root    80 júl   13 11:04 console-setup
drwxr-xr-x  2 root              root    60 júl   17 19:54 motd.d
drwxr-xr-x  2 root              root    60 júl   13 11:04 uuidd
drwxr-xr-x  2 root              root    60 júl   13 11:04 tmpfiles.d
drwxr-xr-x  2 root              root    60 júl   13 11:04 thermald
drwxr-xr-x  2 root              root    60 júl   13 11:04 irqbalance
drwxr-xr-x  2 root              root    60 júl   13 11:04 dbus
drwxr-xr-x  2 root              root    60 júl   13 11:04 blkid
drwxr-xr-x  2 root              root    40 júl   13 11:05 netns
drwxr-xr-x  2 root              root    40 júl   13 11:04 spice-vdagentd
drwxr-xr-x  2 root              root    40 júl   13 11:04 sendsigs.omit.d
drwxr-xr-x  2 root              root    40 júl   13 11:04 plymouth
drwxr-xr-x  2 root              root    40 júl   13 11:04 openvpn
drwxr-xr-x  2 root              root    40 júl   13 11:04 alsa
drwxr-xr-x  2 root root    4096 szept  6  2021 usb_modeswitch.d
drwxr-xr-x  2 root root    4096 márc  30 12:20 update-notifier
drwxr-xr-x  2 root root    4096 márc  24 13:14 libpaper.d
drwxr-xr-x  2 root root    4096 jún   29 15:23 insserv.conf.d
drwxr-xr-x  2 root root    4096 jún   29 15:23 gtk-3.0
drwxr-xr-x  2 root root    4096 jún   29 15:22 wpa_supplicant
drwxr-xr-x  2 root root    4096 jún   29 15:22 snmp
drwxr-xr-x  2 root root    4096 jún   29 15:22 profile.d
drwxr-xr-x  2 root root    4096 jún   29 15:22 ldap
drwxr-xr-x  2 root root    4096 jún   23 07:56 cron.d
drwxr-xr-x  2 root root    4096 jún    2 13:44 sudoers.d
drwxr-xr-x  2 root root    4096 jún    2 13:44 rcS.d
drwxr-xr-x  2 root root    4096 jún    2 13:44 init
drwxr-xr-x  2 root root    4096 jún    2 13:44 dictionaries-common
drwxr-xr-x  2 root root    4096 jún    2 13:43 console-setup
drwxr-xr-x  2 root root    4096 jún   20 14:23 cron.daily
drwxr-xr-x  2 root root    4096 jún   20 14:23 bash_completion.d
drwxr-xr-x  2 root root    4096 júl   15 09:05 python3.10
drwxr-xr-x  2 root root    4096 júl   14 10:33 thunderbird
drwxr-xr-x  2 root root    4096 júl   13 10:47 pam.d
drwxr-xr-x  2 root root    4096 júl   11 18:26 rc6.d
drwxr-xr-x  2 root root    4096 júl   11 18:26 rc5.d
drwxr-xr-x  2 root root    4096 júl   11 18:26 rc4.d
drwxr-xr-x  2 root root    4096 júl   11 18:26 rc3.d
drwxr-xr-x  2 root root    4096 júl   11 18:26 rc2.d
drwxr-xr-x  2 root root    4096 júl   11 18:26 rc1.d
drwxr-xr-x  2 root root    4096 júl   11 18:26 rc0.d
drwxr-xr-x  2 root root    4096 júl   11 18:26 init.d
drwxr-xr-x  2 root root    4096 júl   11 18:25 modprobe.d
drwxr-xr-x  2 root root    4096 júl   11 18:22 update-motd.d
drwxr-xr-x  2 root root    4096 júl   11 18:22 ubuntu-advantage
drwxr-xr-x  2 root root    4096 júl   11 18:22 sysctl.d
drwxr-xr-x  2 root root    4096 júl   11 18:22 modules-load.d
drwxr-xr-x  2 root root    4096 júl   11 18:22 logrotate.d
drwxr-xr-x  2 root root    4096 júl   11 15:51 ld.so.conf.d
drwxr-xr-x  2 root root    4096 júl   11 15:51 alternatives
drwxr-xr-x  2 root root    4096 ápr    7 21:28 tmpfiles.d
drwxr-xr-x  2 root root    4096 ápr    7 21:28 binfmt.d
drwxr-xr-x  2 root root    4096 ápr   19 12:09 netplan
drwxr-xr-x  2 root root    4096 ápr   19 12:07 grub.d
drwxr-xr-x  2 root root    4096 ápr   19 12:05 xml
drwxr-xr-x  2 root root    4096 ápr   19 12:05 udisks2
drwxr-xr-x  2 root root    4096 ápr   19 12:05 rsyslog.d
drwxr-xr-x  2 root root    4096 ápr   19 12:05 PackageKit
drwxr-xr-x  2 root root    4096 ápr   19 12:05 ipp-usb
drwxr-xr-x  2 root root    4096 ápr   19 12:05 hp
drwxr-xr-x  2 root root    4096 ápr   19 12:05 geoclue
drwxr-xr-x  2 root root    4096 ápr   19 12:05 environment.d
drwxr-xr-x  2 root root    4096 ápr   19 12:05 cupshelpers
drwxr-xr-x  2 root root    4096 ápr   19 12:05 cron.weekly
drwxr-xr-x  2 root root    4096 ápr   19 12:04 UPower
drwxr-xr-x  2 root root    4096 ápr   19 12:04 thermald
drwxr-xr-x  2 root root    4096 ápr   19 12:04 sensors.d
drwxr-xr-x  2 root root    4096 ápr   19 12:04 pcmcia
drwxr-xr-x  2 root root    4096 ápr   19 12:04 libnl-3
drwxr-xr-x  2 root root    4096 ápr   19 12:04 gtk-2.0
drwxr-xr-x  2 root root    4096 ápr   19 12:04 groff
drwxr-xr-x  2 root root    4096 ápr   19 12:04 gnome
drwxr-xr-x  2 root root    4096 ápr   19 12:04 cron.monthly
drwxr-xr-x  2 root root    4096 ápr   19 12:04 cracklib
drwxr-xr-x  2 root root    4096 ápr   19 12:04 bluetooth
drwxr-xr-x  2 root root    4096 ápr   19 12:02 vim
drwxr-xr-x  2 root root    4096 ápr   19 12:02 terminfo
drwxr-xr-x  2 root root    4096 ápr   19 12:02 skel
drwxr-xr-x  2 root root    4096 ápr   19 12:02 selinux
drwxr-xr-x  2 root root    4096 ápr   19 12:02 python3
drwxr-xr-x  2 root root    4096 ápr   19 12:02 opt
drwxr-xr-x  2 root root    4096 ápr   19 12:02 newt
drwxr-xr-x  2 root root    4096 ápr   19 12:02 depmod.d
drwxr-xr-x  2 root root    4096 ápr   19 12:02 cron.hourly
drwxr-xr-x  2 avahi             avahi   80 júl   13 11:04 avahi-daemon
drwxr-xr-x 24 root              root   560 júl   14 13:42 systemd
drwxr-xr-x 12 root root    4096 ápr   19 12:05 X11
drwxr-x---  3 speech-dispatcher audio  100 júl   13 11:04 speech-dispatcher
drwxr-x---  2 root              root    80 júl   17 19:54 wpa_supplicant
drwxrwxrwt  4 root              root   100 júl   13 11:05 lock
drwxr-s---  2 root dip     4096 ápr   19 12:04 chatscripts
drwx------  2 root              root    80 júl   13 11:04 initramfs
drwx------  2 root              root    40 júl   13 11:04 udisks2
----------  1 root              root     0 júl   13 11:04 crond.reboot
administrator@16HW025294:~$ sort -r unsorted.txt > reversed.txt
administrator@16HW025294:~$ cd
administrator@16HW025294:~$ touch demand_data.txt
administrator@16HW025294:~$ vi dataLogger.sh
administrator@16HW025294:~$ cat dataLogger.sh
cat: dataLogger.sh: No such file or directory
administrator@16HW025294:~$ ls
 demand_data.txt   Desktop     Downloads     MOK.der    Music      Public         run_log.txt   Templates   touch          Videos
 Der               Documents   etc_log.txt   MOK.priv   Pictures   reversed.txt   snap          test        unsorted.txt  'VirtualBox VMs'
administrator@16HW025294:~$ vi dataLogger.sh
administrator@16HW025294:~$ echo "set backspace=indent,eol,start" >> ~/.exrc
administrator@16HW025294:~$ vi dataLogger.sh
administrator@16HW025294:~$ brew install bash
Command 'brew' not found, did you mean:
  command 'brec' from deb bplay (0.991-10build1)
  command 'qbrew' from deb qbrew (0.4.1-8build1)
Try: sudo apt install <deb name>
administrator@16HW025294:~$ set backspace=indent,eol,start
administrator@16HW025294:~$ vim datalogger.sh
Command 'vim' not found, but can be installed with:
sudo apt install vim         # version 2:8.2.3995-1ubuntu2, or
sudo apt install vim-tiny    # version 2:8.2.3995-1ubuntu2
sudo apt install neovim      # version 0.6.1-3
sudo apt install vim-athena  # version 2:8.2.3995-1ubuntu2
sudo apt install vim-gtk3    # version 2:8.2.3995-1ubuntu2
sudo apt install vim-nox     # version 2:8.2.3995-1ubuntu2
administrator@16HW025294:~$ sudo apt install vim
[sudo] password for administrator: 
Reading package lists... Done
Building dependency tree... Done
Reading state information... Done
The following additional packages will be installed:
  vim-runtime
Suggested packages:
  ctags vim-doc vim-scripts
The following NEW packages will be installed:
  vim vim-runtime
0 upgraded, 2 newly installed, 0 to remove and 15 not upgraded.
Need to get 8.548 kB of archives.
After this operation, 37,6 MB of additional disk space will be used.
Do you want to continue? [Y/n] y
Get:1 http://hu.archive.ubuntu.com/ubuntu jammy/main amd64 vim-runtime all 2:8.2.3995-1ubuntu2 [6.825 kB]
Get:2 http://hu.archive.ubuntu.com/ubuntu jammy/main amd64 vim amd64 2:8.2.3995-1ubuntu2 [1.724 kB]
Fetched 8.548 kB in 1s (12,0 MB/s)
Selecting previously unselected package vim-runtime.
(Reading database ... 202402 files and directories currently installed.)
Preparing to unpack .../vim-runtime_2%3a8.2.3995-1ubuntu2_all.deb ...
Adding 'diversion of /usr/share/vim/vim82/doc/help.txt to /usr/share/vim/vim82/d
oc/help.txt.vim-tiny by vim-runtime'
Adding 'diversion of /usr/share/vim/vim82/doc/tags to /usr/share/vim/vim82/doc/t
ags.vim-tiny by vim-runtime'
Unpacking vim-runtime (2:8.2.3995-1ubuntu2) ...
Selecting previously unselected package vim.
Preparing to unpack .../vim_2%3a8.2.3995-1ubuntu2_amd64.deb ...
Unpacking vim (2:8.2.3995-1ubuntu2) ...
Setting up vim-runtime (2:8.2.3995-1ubuntu2) ...
Setting up vim (2:8.2.3995-1ubuntu2) ...
update-alternatives: using /usr/bin/vim.basic to provide /usr/bin/vim (vim) in a
uto mode
update-alternatives: using /usr/bin/vim.basic to provide /usr/bin/vimdiff (vimdi
ff) in auto mode
update-alternatives: using /usr/bin/vim.basic to provide /usr/bin/rvim (rvim) in
 auto mode
update-alternatives: using /usr/bin/vim.basic to provide /usr/bin/rview (rview) 
in auto mode
update-alternatives: using /usr/bin/vim.basic to provide /usr/bin/vi (vi) in aut
o mode
update-alternatives: using /usr/bin/vim.basic to provide /usr/bin/view (view) in
 auto mode
update-alternatives: using /usr/bin/vim.basic to provide /usr/bin/ex (ex) in aut
o mode
Processing triggers for man-db (2.10.2-1) ...
administrator@16HW025294:~$ vim datalogger.sh
administrator@16HW025294:~$ rm demand_data.txt
administrator@16HW025294:~$ vim datalogger.sh
administrator@16HW025294:~$ bash datalogger.sh
administrator@16HW025294:~$ vim datalogger.sh
administrator@16HW025294:~$ bash datalogger.sh
administrator@16HW025294:~$ ls
 datalogger.sh     Documents     Music          snap           Videos
 demand_data.txt   Downloads     Pictures       Templates     'VirtualBox VMs'
 demands.log       etc_log.txt   Public         test
 Der               MOK.der       reversed.txt   touch
 Desktop           MOK.priv      run_log.txt    unsorted.txt
administrator@16HW025294:~$ cat demands.log
  File: demand_data.txt
  Size: 20        	Blocks: 8          IO Block: 4096   regular file
Device: 10302h/66306d	Inode: 918179      Links: 1
Access: (0664/-rw-rw-r--)  Uid: ( 1000/administrator)   Gid: ( 1000/administrator)
Access: 2022-07-17 22:07:51.462598654 +0200
Modify: 2022-07-17 22:07:51.462598654 +0200
Change: 2022-07-17 22:07:51.462598654 +0200
 Birth: 2022-07-17 22:07:51.462598654 +0200
stat demand_data.txt
administrator@16HW025294:~$ vim datalogger.sh
administrator@16HW025294:~$ bash datalogger.sh
administrator@16HW025294:~$ cd Documents
administrator@16HW025294:~/Documents$ touch results.txt
administrator@16HW025294:~/Documents$ cd
administrator@16HW025294:~$ [200~prw-------  1 root              root     0 júl   13 11:04 initctl
096 ápr   19 12:04 cron.monthly
-rw-r--r--  1 root root    1136 márc[200~prw-------: command not found
administrator@16HW025294:~$ drwx------  2 root              root    80 júl   13 11:04 initramfs
drwx------: command not found
administrator@16HW025294:~$ drwxr-xr-x  2 root              root    60 júl   13 11:04 irqbalance
drwxr-xr-x: command not found
administrator@16HW025294:~$ drwxrwxrwt  4 root              root   100 júl   13 11:05 lock
drwxrwxrwt: command not found
administrator@16HW025294:~$ drwxr-xr-x  3 root              root    60 júl   13 11:04 log
drwxr-xr-x: command not found
administrator@16HW025294:~$ drwxr-xr-x  2 root              root    60 júl   17 19:54 motd.d
drwxr-xr-x: command not found
administrator@16HW025294:~$ drwxr-xr-x  2 root              root    80 júl   13 11:04 mount
drwxr-xr-x: command not found
administrator@16HW025294:~$ drwxr-xr-x  2 root              root    40 júl   13 11:05 netns
drwxr-xr-x: command not found
administrator@16HW025294:~$ drwxr-xr-x  5 root              root   140 júl   17 19:54 NetworkManager
drwxr-xr-x: command not found
administrator@16HW025294:~$ drwxr-xr-x  2 root              root    40 júl   13 11:04 openvpn
drwxr-xr-x: command not found
administrator@16HW025294:~$ drwx--x---  2 root              root    40 júl   13 11:04 openvpn-client
drwx--x---: command not found
administrator@16HW025294:~$ drwx--x---  2 root              root    40 júl   13 11:04 openvpn-server
drwx--x---: command not found
administrator@16HW025294:~$ drwxr-xr-x  2 root              root    40 júl   13 11:04 plymouth
drwxr-xr-x: command not found
administrator@16HW025294:~$ drwxr-xr-x  2 root              root    40 júl   13 11:04 sendsigs.omit.d
drwxr-xr-x: command not found
administrator@16HW025294:~$ lrwxrwxrwx  1 root              root     8 júl   13 11:04 shm -> /dev/shm
bash: /dev/shm: Is a directory
administrator@16HW025294:~$ drwxr-xr-x  4 root              root    80 júl   13 11:05 snapd
drwxr-xr-x: command not found
administrator@16HW025294:~$ srw-rw-rw-  1 root              root     0 júl   13 11:04 snapd-snap.socket
srw-rw-rw-: command not found
administrator@16HW025294:~$ srw-rw-rw-  1 root              root     0 júl   13 11:04 snapd.socket
srw-rw-rw-: command not found
administrator@16HW025294:~$ drwxr-x---  3 speech-dispatcher audio  100 júl   13 11:04 speech-dispatcher
drwxr-x---: command not found
administrator@16HW025294:~$ drwxr-xr-x  2 root              root    40 júl   13 11:04 spice-vdagentd
drwxr-xr-x: command not found
administrator@16HW025294:~$ drwx--x--x  2 root              root    40 júl   13 11:04 sudo
drwx--x--x: command not found
administrator@16HW025294:~$ drwxr-xr-x 24 root              root   560 júl   14 13:42 systemd
drwxr-xr-x: command not found
administrator@16HW025294:~$ drwxr-xr-x  2 root              root    60 júl   13 11:04 thermald
drwxr-xr-x: command not found
administrator@16HW025294:~$ drwxr-xr-x  2 root              root    60 júl   13 11:04 tmpfiles.d
   4096 ápr   19 12:05 gdb
drwxr-xr-x  8 root root    4096 jún   29 drwxr-xr-x: command not found
administrator@16HW025294:~$ drwxr-xr-x  7 root              root   200 júl   17 21:04 udev
drwxr-xr-x: command not found
administrator@16HW025294:~$ drwx------  2 root              root    40 júl   13 11:04 udisks2
drwx------: command not found
administrator@16HW025294:~$ -rw-r-----  1 root              root     0 júl   14 10:33 unattended-upgrades.lock
-rw-r-----: command not found
administrator@16HW025294:~$ -rw-r--r--  1 root              root    38 júl   15 09:05 unattended-upgrades.progress
-rw-r--r--: command not found
administrator@16HW025294:~$ drwxr-xr-x  3 root              root    60 júl   13 11:05 user
drwxr-xr-x: command not found
administrator@16HW025294:~$ -rw-rw-r--  1 root              utmp  1152 júl   13 11:05 utmp
-rw-rw-r--: command not found
administrator@16HW025294:~$ drwxr-xr-x  2 root              root    60 júl   13 11:04 uuidd
�pr   19 12:07 grub.d
-rw-r-----  1 root shadow   985 júl   11 1drwxr-xr-x: command not found
administrator@16HW025294:~$ drwxr-x---  2 root              root    80 júl   17 19:54 wpa_supplicant
drwxr-x---: command not found
administrator@16HW025294:~$ administrator@16HW025294:~$ cat reversed.txt
r-xr-x  3 root root    4096 febr  21 21:05 gsadministrator@16HW025294:~$: command not found
administrator@16HW025294:~$ total 1140
s
drwxr-xr-Command 'total' not found, did you mean:
  command 'topal' from deb topal (80-1build2)
Try: sudo apt install <deb name>
administrator@16HW025294:~$ drwxr-xr-x  3 root root    4096 ápr   19 12:04 acpi
drwxr-xr-x: command not found
administrator@16HW025294:~$ -rw-r--r--  1 root root    3028 ápr   19 12:02 adduser.conf
-rw-r--r--: command not found
administrator@16HW025294:~$ drwxr-xr-x  3 root root    4096 ápr   19 12:03 alsa
drwxr-xr-x: command not found
administrator@16HW025294:~$ drwxr-xr-x  2 root root    4096 júl   11 15:51 alternatives
drwxr-xr-x: command not found
administrator@16HW025294:~$ -rw-r--r--  1 root root     335 márc  23 10:40 anacrontab
-rw-r--r--: command not found
administrator@16HW025294:~$ -rw-r--r--  1 root root     433 márc  23 10:40 apg.conf
-rw-r--r--: command not found
administrator@16HW025294:~$ drwxr-xr-x  5 root root    4096 ápr   19 12:03 apm
 root root     225 jún    2 13:43 hosts
-rw-r--r-- drwxr-xr-x: command not found
administrator@16HW025294:~$ drwxr-xr-x  3 root root    4096 júl   11 18:22 apparmor
 1 root root     411 ápr   19 12:04 hosts.allow
-rw-r--rdrwxr-xr-x: command not found
administrator@16HW025294:~$ drwxr-xr-x  8 root root    4096 júl   11 18:22 apparmor.d
drwxr-xr-x: command not found
administrator@16HW025294:~$ drwxr-xr-x  4 root root    4096 jún   20 14:23 apport
drwxr-xr-x: command not found
administrator@16HW025294:~$ -rw-r--r--  1 root root     769 febr  22 17:53 appstream.conf
-rw-r--r--: command not found
administrator@16HW025294:~$ drwxr-xr-x  8 root root    4096 jún    2 13:44 apt
drwxr-xr-x: command not found
administrator@16HW025294:~$ drwxr-xr-x  3 root root    4096 ápr   19 12:05 avahi
t root    4096 júl   11 18:26 init.d
drwxr-xr-x  5 rodrwxr-xr-x: command not found
administrator@16HW025294:~$ -rw-r--r--  1 root root    2319 jan    6  2022 bash.bashrc
-rw-r--r--: command not found
administrator@16HW025294:~$ -rw-r--r--  1 root root      45 nov   11  2021 bash_completion
-rw-r--r--: command not found
administrator@16HW025294:~$ drwxr-xr-x  2 root root    4096 jún   20 14:23 bash_completion.d
root    4096 jún   29 15:23 insserv.conf.d
drwxr-xr-x  2 root roodrwxr-xr-x: command not found
administrator@16HW025294:~$ -rw-r--r--  1 root root     367 dec   16  2020 bindresvport.blacklist
-rw-r--r--: command not found
administrator@16HW025294:~$ drwxr-xr-x  2 root root    4096 ápr    7 21:28 binfmt.d
drwxr-xr-x: command not found
administrator@16HW025294:~$ drwxr-xr-x  2 root root    4096 ápr   19 12:04 bluetooth
   18 12:28 issue
-rw-r--r--  1 root root      17 ápr   1drwxr-xr-x: command not found
administrator@16HW025294:~$ -rw-r-----  1 root root      33 ápr   19 12:05 brlapi.key
-rw-r-----: command not found
administrator@16HW025294:~$ drwxr-xr-x  7 root root    4096 ápr   19 12:04 brltty
drwxr-xr-x: command not found
administrator@16HW025294:~$ -rw-r--r--  1 root root   29219 márc  18 17:59 brltty.conf
-rw-r--r--: command not found
administrator@16HW025294:~$ drwxr-xr-x  3 root root    4096 ápr   19 12:02 ca-certificates
drwxr-xr-x: command not found
administrator@16HW025294:~$ -rw-r--r--  1 root root    5529 ápr   19 12:02 ca-certificates.conf
-rw-r--r--: command not found
administrator@16HW025294:~$ drwxr-s---  2 root dip     4096 ápr   19 12:04 chatscripts
drwxr-s---: command not found
administrator@16HW025294:~$ drwxr-xr-x  2 root root    4096 jún    2 13:43 console-setup
drwxr-xr-x: command not found
administrator@16HW025294:~$ drwxr-xr-x  2 root root    4096 ápr   19 12:04 cracklib
drwxr-xr-x: command not found
administrator@16HW025294:~$ drwxr-xr-x  2 root root    4096 jún   23 07:56 cron.d
drwxr-xr-x: command not found
administrator@16HW025294:~$ drwxr-xr-x  2 root root    4096 jún   20 14:23 cron.daily
drwxr-xr-x: command not found
administrator@16HW025294:~$ drwxr-xr-x  2 root root    4096 ápr   19 12:02 cron.hourly
drwxr-xr-x: command not found
administrator@16HW025294:~$ drwxr-xr-x  2 root root    4096 ápr   19 12:04 cron.monthly
drwxr-xr-x: command not found
administrator@16HW025294:~$ -rw-r--r--  1 root root    1136 márc  23 14:49 crontab
-rw-r--r--: command not found
administrator@16HW025294:~$ drwxr-xr-x  2 root root    4096 ápr   19 12:05 cron.weekly
er.d
drwxr-xr-x  3 root root    4096 jún   29 15:22 libreofdrwxr-xr-x: command not found
administrator@16HW025294:~$ drwxr-xr-x  5 root lp      4096 júl   17 19:54 cups
fice
-rw-r--r--  1 root root    2996 márc   4 03:54 drwxr-xr-x: command not found
administrator@16HW025294:~$ drwxr-xr-x  2 root root    4096 ápr   19 12:05 cupshelpers
locale.alias
-rw-r--r--  1 root root    9454 jún    2 13:43drwxr-xr-x: command not found
administrator@16HW025294:~$ drwxr-xr-x  4 root root    4096 ápr   19 12:02 dbus-1
drwxr-xr-x: command not found
administrator@16HW025294:~$ drwxr-xr-x  4 root root    4096 ápr   19 12:04 dconf
drwxr-xr-x: command not found
administrator@16HW025294:~$ -rw-r--r--  1 root root    2969 febr  20 15:42 debconf.conf
-rw-r--r--: command not found
administrator@16HW025294:~$ -rw-r--r--  1 root root      13 aug   22  2021 debian_version
-rw-r--r--: command not found
administrator@16HW025294:~$ drwxr-xr-x  3 root root    4096 júl   11 18:26 default
drwxr-xr-x: command not found
administrator@16HW025294:~$ -rw-r--r--  1 root root     604 szept 16  2018 deluser.conf
-rw-r--r--: command not found
administrator@16HW025294:~$ drwxr-xr-x  2 root root    4096 ápr   19 12:02 depmod.d
drwxr-xr-x: command not found
administrator@16HW025294:~$ drwxr-xr-x  4 root root    4096 júl   11 18:22 dhcp
drwxr-xr-x: command not found
administrator@16HW025294:~$ drwxr-xr-x  2 root root    4096 jún    2 13:44 dictionaries-common
hine-id
-rw-r--r--  1 root root     111 márc  24 18:07 magic
-rw-r-drwxr-xr-x: command not found
administrator@16HW025294:~$ drwxr-xr-x  4 root root    4096 júl   11 18:25 dkms
-r--  1 root root     111 márc  24 18:07 magic.mime
drwxr-xr-x: command not found
administrator@16HW025294:~$ drwxr-xr-x  4 root root    4096 júl   11 15:51 dpkg
drwxr-xr-x: command not found
administrator@16HW025294:~$ -rw-r--r--  1 root root     685 jan    8  2022 e2scrub.conf
ap
-rw-r--r--  1 root root     449 dec   11  2021 mailcap.or-rw-r--r--: command not found
administrator@16HW025294:~$ drwxr-xr-x  3 root root    4096 ápr   19 12:03 emacs
drwxr-xr-x: command not found
administrator@16HW025294:~$ -rw-r--r--  1 root root     106 ápr   19 12:02 environment
-rw-r--r--: command not found
administrator@16HW025294:~$ drwxr-xr-x  2 root root    4096 ápr   19 12:05 environment.d
drwxr-xr-x: command not found
administrator@16HW025294:~$ -rw-r--r--  1 root root    1816 dec   27  2019 ethertypes
-rw-r--r--: command not found
administrator@16HW025294:~$ drwxr-xr-x  3 root root    4096 ápr   19 12:03 firefox
odemManager
drwxr-xr-x  2 root root    4096 júl   11 18drwxr-xr-x: command not found
administrator@16HW025294:~$ drwxr-xr-x  4 root root    4096 ápr   19 12:04 fonts
drwxr-xr-x: command not found
administrator@16HW025294:~$ -rw-r--r--  1 root root      20 febr  24 17:19 fprintd.conf
-rw-r--r--: command not found
administrator@16HW025294:~$ -rw-rw-r--  1 root root     675 jún    2 13:41 fstab
-rw-rw-r--: command not found
administrator@16HW025294:~$ -rw-r--r--  1 root root     694 márc  23 14:53 fuse.conf
-rw-r--r--: command not found
administrator@16HW025294:~$ drwxr-xr-x  3 root root    4096 ápr   19 12:05 fwupd
drwxr-xr-x: command not found
administrator@16HW025294:~$ -rw-r--r--  1 root root    2584 febr   3 06:27 gai.conf
-rw-r--r--: command not found
administrator@16HW025294:~$ drwxr-xr-x  3 root root    4096 ápr   19 12:05 gdb
drwxr-xr-x: command not found
administrator@16HW025294:~$ drwxr-xr-x  8 root root    4096 jún   29 15:23 gdm3
drwxr-xr-x: command not found
administrator@16HW025294:~$ drwxr-xr-x  2 root root    4096 ápr   19 12:05 geoclue
drwxr-xr-x: command not found
administrator@16HW025294:~$ drwxr-xr-x  4 root root    4096 ápr   19 12:03 ghostscript
cher
drwxr-xr-x  7 root root    4096 jún   29 15:22 Networkdrwxr-xr-x: command not found
administrator@16HW025294:~$ drwxr-xr-x  3 root root    4096 ápr   19 12:03 glvnd
drwxr-xr-x: command not found
administrator@16HW025294:~$ drwxr-xr-x  2 root root    4096 ápr   19 12:04 gnome
drwxr-xr-x: command not found
administrator@16HW025294:~$ drwxr-xr-x  2 root root    4096 ápr   19 12:04 groff
drwxr-xr-x: command not found
administrator@16HW025294:~$ -rw-r--r--  1 root root    1173 júl   11 18:26 group
-rw-r--r--: command not found
administrator@16HW025294:~$ -rw-r--r--  1 root root    1156 júl   11 18:16 group-
-rw-r--r--: command not found
administrator@16HW025294:~$ drwxr-xr-x  2 root root    4096 ápr   19 12:07 grub.d
drwxr-xr-x: command not found
administrator@16HW025294:~$ -rw-r-----  1 root shadow   985 júl   11 18:26 gshadow
96 ápr   19 12:02 opt
lrwxrwxrwx  1 root root      21 �-rw-r-----: command not found
administrator@16HW025294:~$ -rw-r-----  1 root shadow   971 júl   11 18:16 gshadow-
-rw-r-----: command not found
administrator@16HW025294:~$ drwxr-xr-x  3 root root    4096 febr  21 21:05 gss
drwxr-xr-x: command not found
administrator@16HW025294:~$ drwxr-xr-x  2 root root    4096 ápr   19 12:04 gtk-2.0
drwxr-xr-x: command not found
administrator@16HW025294:~$ drwxr-xr-x  2 root root    4096 jún   29 15:23 gtk-3.0
f
drwxr-xr-x  2 root root    4096 júl   13 10:47 pam.d
drwxr-xr-x: command not found
administrator@16HW025294:~$ -rw-r--r--  1 root root    4436 dec   15  2020 hdparm.conf
-rw-r--r--: command not found
administrator@16HW025294:~$ -rw-r--r--  1 root root      92 okt   15  2021 host.conf
-rw-r--r--: command not found
administrator@16HW025294:~$ -rw-r--r--  1 root root       4 ápr   19 12:06 hostid
-r--r--  1 root root    2879 jún    2 13:46 passwd-
dr-rw-r--r--: command not found
administrator@16HW025294:~$ -rw-r--r--  1 root root      11 jún    2 13:43 hostname
-rw-r--r--: command not found
administrator@16HW025294:~$ -rw-r--r--  1 root root     225 jún    2 13:43 hosts
r-xr-x  3 root root    4096 ápr   19 12:03 perl
drwxr-rw-r--r--: command not found
administrator@16HW025294:~$ -rw-r--r--  1 root root     411 ápr   19 12:04 hosts.allow
-rw-r--r--: command not found
administrator@16HW025294:~$ -rw-r--r--  1 root root     711 ápr   19 12:04 hosts.deny
 root root    4096 ápr   19 12:04 pm
-rw-r--r--  1 root ro-rw-r--r--: command not found
administrator@16HW025294:~$ drwxr-xr-x  2 root root    4096 ápr   19 12:05 hp
ot    7649 ápr   19 12:05 pnm2ppa.conf
drwxr-xr-x drwxr-xr-x: command not found
administrator@16HW025294:~$ drwxr-xr-x  3 root root    4096 ápr   19 12:04 ifplugd
drwxr-xr-x: command not found
administrator@16HW025294:~$ drwxr-xr-x  2 root root    4096 jún    2 13:44 init
  8 root dip     4096 ápr   19 12:04 ppp
lrwxrwxrwx drwxr-xr-x: command not found
administrator@16HW025294:~$ drwxr-xr-x  2 root root    4096 júl   11 18:26 init.d
 1 root root      18 jún   20 14:21 printcap -> /run/cdrwxr-xr-x: command not found
administrator@16HW025294:~$ drwxr-xr-x  5 root root    4096 ápr   19 12:05 initramfs-tools
drwxr-xr-x: command not found
administrator@16HW025294:~$ -rw-r--r--  1 root root    1748 jan    6  2022 inputrc
-rw-r--r--: command not found
administrator@16HW025294:~$ drwxr-xr-x  2 root root    4096 jún   29 15:23 insserv.conf.d
file.d
-rw-r--r--  1 root root    2932 ápr    1  2013 protocoldrwxr-xr-x: command not found
administrator@16HW025294:~$ drwxr-xr-x  2 root root    4096 ápr   19 12:05 ipp-usb
drwxr-xr-x: command not found
administrator@16HW025294:~$ drwxr-xr-x  4 root root    4096 ápr   19 12:02 iproute2
drwxr-xr-x  2 root root    4096 ápr   19 12:02 python3
ddrwxr-xr-x: command not found
administrator@16HW025294:~$ -rw-r--r--  1 root root      24 ápr   18 12:28 issue
-rw-r--r--: command not found
administrator@16HW025294:~$ -rw-r--r--  1 root root      17 ápr   18 12:28 issue.net
.10
drwxr-xr-x  2 root root    4096 júl   11 18:26 rc0.d
-rw-r--r--: command not found
administrator@16HW025294:~$ drwxr-xr-x  8 root root    4096 júl   11 15:51 kernel
drwxr-xr-x: command not found
administrator@16HW025294:~$ -rw-r--r--  1 root root     110 jún    2 13:43 kernel-img.conf
rwxr-xr-x  2 root root    4096 júl   11 18:26 rc2.d
drwxr-xr-x -rw-r--r--: command not found
administrator@16HW025294:~$ -rw-r--r--  1 root root    1308 márc  24 13:07 kerneloops.conf
 2 root root    4096 júl   11 18:26 rc3.d
drwxr-xr-x  2 root ro-rw-r--r--: command not found
administrator@16HW025294:~$ drwxr-xr-x  2 root root    4096 jún   29 15:22 ldap
drwxr-xr-x: command not found
administrator@16HW025294:~$ -rw-r--r--  1 root root   59393 júl   15 09:05 ld.so.cache
-rw-r--r--: command not found
administrator@16HW025294:~$ -rw-r--r--  1 root root      34 dec   16  2020 ld.so.conf
-rw-r--r--: command not found
administrator@16HW025294:~$ drwxr-xr-x  2 root root    4096 júl   11 15:51 ld.so.conf.d
drwxr-xr-x: command not found
administrator@16HW025294:~$ -rw-r--r--  1 root root     267 okt   15  2021 legal
-rw-r--r--: command not found
administrator@16HW025294:~$ -rw-r--r--  1 root root      27 márc  13 13:16 libao.conf
-resolv.conf
lrwxrwxrwx  1 root root      13 jún    2 13:4-rw-r--r--: command not found
administrator@16HW025294:~$ -rw-r--r--  1 root root     191 márc  17 18:50 libaudit.conf
-rw-r--r--: command not found
administrator@16HW025294:~$ drwxr-xr-x  3 root root    4096 ápr   19 12:03 libblockdev
drwxr-xr-x: command not found
administrator@16HW025294:~$ drwxr-xr-x  2 root root    4096 ápr   19 12:04 libnl-3
drwxr-xr-x: command not found
administrator@16HW025294:~$ drwxr-xr-x  2 root root    4096 márc  24 13:14 libpaper.d
drwxr-xr-x: command not found
administrator@16HW025294:~$ drwxr-xr-x  3 root root    4096 jún   29 15:22 libreoffice
22 rygel.conf
drwxr-xr-x  3 root root    4096 ápr   19 12:0drwxr-xr-x: command not found
administrator@16HW025294:~$ -rw-r--r--  1 root root    2996 márc   4 03:54 locale.alias
-rw-r--r--: command not found
administrator@16HW025294:~$ -rw-r--r--  1 root root    9454 jún    2 13:43 locale.gen
-rw-r--r--: command not found
administrator@16HW025294:~$ lrwxrwxrwx  1 root root      35 jún    2 13:43 localtime -> /usr/share/zoneinfo/Europe/Budapest
bash: /usr/share/zoneinfo/Europe/Budapest: Permission denied
administrator@16HW025294:~$ drwxr-xr-x  4 root root    4096 ápr   19 12:03 logcheck
drwxr-xr-x: command not found
administrator@16HW025294:~$ -rw-r--r--  1 root root   10734 nov   11  2021 login.defs
-rw-r--r--: command not found
administrator@16HW025294:~$ -rw-r--r--  1 root root     592 jan   24 16:37 logrotate.conf
-rw-r--r--: command not found
administrator@16HW025294:~$ drwxr-xr-x  2 root root    4096 júl   11 18:22 logrotate.d
drwxr-xr-x: command not found
administrator@16HW025294:~$ -rw-r--r--  1 root root     102 ápr   18 12:28 lsb-release
-rw-r--r--: command not found
administrator@16HW025294:~$ -r--r--r--  1 root root      33 jún    2 15:45 machine-id
-r--r--r--: command not found
administrator@16HW025294:~$ -rw-r--r--  1 root root     111 márc  24 18:07 magic
wxr-xr-x  2 root root    4096 jún   29 15:22 snmp
drw-rw-r--r--: command not found
administrator@16HW025294:~$ -rw-r--r--  1 root root     111 márc  24 18:07 magic.mime
-rw-r--r--: command not found
administrator@16HW025294:~$ -rw-r--r--  1 root root   37013 júl   15 09:05 mailcap
-rw-r--r--: command not found
administrator@16HW025294:~$ -rw-r--r--  1 root root     449 dec   11  2021 mailcap.order
-rw-r--r--: command not found
administrator@16HW025294:~$ -rw-r--r--  1 root root    5217 márc  17 20:03 manpath.config
-rw-r--r--: command not found
administrator@16HW025294:~$ -rw-r--r--  1 root root   72029 márc  21 10:12 mime.types
t root      27 jún    2 13:43 subgid-
-rw-r--r--  1 root r-rw-r--r--: command not found
administrator@16HW025294:~$ -rw-r--r--  1 root root     744 jan    8  2022 mke2fs.conf
-rw-r--r--: command not found
administrator@16HW025294:~$ drwxr-xr-x  3 root root    4096 ápr   19 12:04 ModemManager
     27 jún    2 13:43 subuid-
-rw-r--r--  1 root root    45drwxr-xr-x: command not found
administrator@16HW025294:~$ drwxr-xr-x  2 root root    4096 júl   11 18:25 modprobe.d
drwxr-xr-x: command not found
administrator@16HW025294:~$ -rw-r--r--  1 root root     195 ápr   19 12:02 modules
 febr   8 09:41 sudoers
drwxr-xr-x  2 root root    4096 -rw-r--r--: command not found
administrator@16HW025294:~$ drwxr-xr-x  2 root root    4096 júl   11 18:22 modules-load.d
drwxr-xr-x: command not found
administrator@16HW025294:~$ lrwxrwxrwx  1 root root      19 jún    2 13:43 mtab -> ../proc/self/mounts
bash: ../proc/self/mounts: No such file or directory
administrator@16HW025294:~$ -rw-r--r--  1 root root   11204 febr   9 12:30 nanorc
-rw-r--r--: command not found
administrator@16HW025294:~$ -rw-r--r--  1 root root     767 márc  24 17:13 netconfig
-rw-r--r--: command not found
administrator@16HW025294:~$ drwxr-xr-x  2 root root    4096 ápr   19 12:09 netplan
:22 systemd
drwxr-xr-x  2 root root    4096 ápr   19 12drwxr-xr-x: command not found
administrator@16HW025294:~$ drwxr-xr-x  6 root root    4096 ápr   19 12:04 network
:02 terminfo
drwxr-xr-x  2 root root    4096 ápr   19 1drwxr-xr-x: command not found
administrator@16HW025294:~$ drwxr-xr-x  8 root root    4096 ápr   19 12:02 networkd-dispatcher
2:04 thermald
drwxr-xr-x  2 root root    4096 júl   14 10:33 thundedrwxr-xr-x: command not found
administrator@16HW025294:~$ drwxr-xr-x  7 root root    4096 jún   29 15:22 NetworkManager
drwxr-xr-x: command not found
administrator@16HW025294:~$ -rw-r--r--  1 root root      91 okt   15  2021 networks
-rw-r--r--: command not found
administrator@16HW025294:~$ drwxr-xr-x  2 root root    4096 ápr   19 12:02 newt
.d
drwxr-xr-x  2 root root    4096 júl   11 18:22 ubdrwxr-xr-x: command not found
administrator@16HW025294:~$ -rwxr-xr-x  1 root root     228 márc  23 12:28 nftables.conf
-rwxr-xr-x: command not found
administrator@16HW025294:~$ -rw-r--r--  1 root root     542 jún    2 13:44 nsswitch.conf
-rw-r--r--: command not found
administrator@16HW025294:~$ drwxr-xr-x  4 root root    4096 ápr   19 12:04 openvpn
drwxr-xr-x: command not found
administrator@16HW025294:~$ drwxr-xr-x  2 root root    4096 ápr   19 12:02 opt

drwxr-xr-x  3 root root    4096 ápr   19 12:05 ufwdrwxr-xr-x: command not found
administrator@16HW025294:~$ lrwxrwxrwx  1 root root      21 ápr   22 16:34 os-release -> ../usr/lib/os-release
bash: ../usr/lib/os-release: No such file or directory
administrator@16HW025294:~$ drwxr-xr-x  2 root root    4096 ápr   19 12:05 PackageKit
drwxr-xr-x: command not found
administrator@16HW025294:~$ -rw-r--r--  1 root root     552 aug   12  2020 pam.conf
-rw-r--r--: command not found
administrator@16HW025294:~$ drwxr-xr-x  2 root root    4096 júl   13 10:47 pam.d
x  2 root root    4096 ápr   19 12:04 UPower
-rw-r--rdrwxr-xr-x: command not found
administrator@16HW025294:~$ -rw-rw-r--  1 root root       3 jún    2 13:43 papersize
--  1 root root    1523 márc  25 10:53 usb_modeswitch.con-rw-rw-r--: command not found
administrator@16HW025294:~$ -rw-r--r--  1 root root    2889 jún    2 13:46 passwd
f
drwxr-xr-x  2 root root    4096 szept  6  2021 usb_mo-rw-r--r--: command not found
administrator@16HW025294:~$ -rw-r--r--  1 root root    2879 jún    2 13:46 passwd-
-rw-r--r--: command not found
administrator@16HW025294:~$ drwxr-xr-x  2 root root    4096 ápr   19 12:04 pcmcia
drwxr-xr-x: command not found
administrator@16HW025294:~$ drwxr-xr-x  3 root root    4096 ápr   19 12:03 perl
drwxr-xr-x: command not found
administrator@16HW025294:~$ drwxr-xr-x  4 root root    4096 ápr   19 12:03 pki
oot    4096 ápr   19 12:03 vulkan
-rw-r--r--  1 roodrwxr-xr-x: command not found
administrator@16HW025294:~$ drwxr-xr-x  3 root root    4096 ápr   19 12:04 pm
t root    4942 jan   24 12:59 wgetrc
drwxr-xr-x  2 drwxr-xr-x: command not found
administrator@16HW025294:~$ -rw-r--r--  1 root root    7649 ápr   19 12:05 pnm2ppa.conf
-rw-r--r--: command not found
administrator@16HW025294:~$ drwxr-xr-x  4 root root    4096 ápr   19 12:03 polkit-1
drwxr-xr-x: command not found
administrator@16HW025294:~$ drwxr-xr-x  8 root dip     4096 ápr   19 12:04 ppp
drwxr-xr-x: command not found
administrator@16HW025294:~$ lrwxrwxrwx  1 root root      18 jún   20 14:21 printcap -> /run/cups/printcap
bash: /run/cups/printcap: Permission denied
administrator@16HW025294:~$ -rw-r--r--  1 root root     582 okt   15  2021 profile
-rw-r--r--: command not found
administrator@16HW025294:~$ drwxr-xr-x  2 root root    4096 jún   29 15:22 profile.d
drwxr-xr-x: command not found
administrator@16HW025294:~$ -rw-r--r--  1 root root    2932 ápr    1  2013 protocols
ort -r unsorted.txt
total 20
total 1140
srw-rw-rw-  1 root-rw-r--r--: command not found
administrator@16HW025294:~$ drwxr-xr-x  4 root root    4096 ápr   19 12:05 pulse
drwxr-xr-x: command not found
administrator@16HW025294:~$ drwxr-xr-x  2 root root    4096 ápr   19 12:02 python3
srw-rw-rw-  1 root              root     0 júl   13 11:drwxr-xr-x: command not found
administrator@16HW025294:~$ drwxr-xr-x  2 root root    4096 júl   15 09:05 python3.10
drwxr-xr-x: command not found
administrator@16HW025294:~$ drwxr-xr-x  2 root root    4096 júl   11 18:26 rc0.d
drwxr-xr-x: command not found
administrator@16HW025294:~$ drwxr-xr-x  2 root root    4096 júl   11 18:26 rc1.d
drwxr-xr-x: command not found
administrator@16HW025294:~$ drwxr-xr-x  2 root root    4096 júl   11 18:26 rc2.d
drwxr-xr-x: command not found
administrator@16HW025294:~$ drwxr-xr-x  2 root root    4096 júl   11 18:26 rc3.d
drwxr-xr-x: command not found
administrator@16HW025294:~$ drwxr-xr-x  2 root root    4096 júl   11 18:26 rc4.d
drwxr-xr-x: command not found
administrator@16HW025294:~$ drwxr-xr-x  2 root root    4096 júl   11 18:26 rc5.d
drwxr-xr-x: command not found
administrator@16HW025294:~$ drwxr-xr-x  2 root root    4096 júl   11 18:26 rc6.d
drwxr-xr-x: command not found
administrator@16HW025294:~$ drwxr-xr-x  2 root root    4096 jún    2 13:44 rcS.d
drwxr-xr-x: command not found
administrator@16HW025294:~$ lrwxrwxrwx  1 root root      39 jún    2 13:43 resolv.conf -> ../run/systemd/resolve/stub-resolv.conf
bash: ../run/systemd/resolve/stub-resolv.conf: No such file or directory
administrator@16HW025294:~$ lrwxrwxrwx  1 root root      13 jún    2 13:41 rmt -> /usr/sbin/rmt
bash: /usr/sbin/rmt: Permission denied
administrator@16HW025294:~$ -rw-r--r--  1 root root     887 ápr    1  2013 rpc
-rw-r--r--: command not found
administrator@16HW025294:~$ -rw-r--r--  1 root root    1382 dec   24  2021 rsyslog.conf
-rw-r--r--: command not found
administrator@16HW025294:~$ drwxr-xr-x  2 root root    4096 ápr   19 12:05 rsyslog.d
drwxr-xr-x: command not found
administrator@16HW025294:~$ -rw-r--r--  1 root root    5620 jan    9  2022 rygel.conf
-rw-r--r--: command not found
administrator@16HW025294:~$ drwxr-xr-x  3 root root    4096 ápr   19 12:05 sane.d
drwxr-xr-x: command not found
administrator@16HW025294:~$ drwxr-xr-x  4 root root    4096 ápr   19 12:04 security
drwxr-xr-x: command not found
administrator@16HW025294:~$ drwxr-xr-x  2 root root    4096 ápr   19 12:02 selinux
drwxr-xr-x: command not found
administrator@16HW025294:~$ -rw-r--r--  1 root root   10593 márc  31 23:07 sensors3.conf
-rw-r--r--: command not found
administrator@16HW025294:~$ drwxr-xr-x  2 root root    4096 ápr   19 12:04 sensors.d
drwxr-xr-x: command not found
administrator@16HW025294:~$ -rw-r--r--  1 root root   12813 márc  27  2021 services
    604 szept 16  2018 deluser.conf
-rw-r--r--  1 root ro-rw-r--r--: command not found
administrator@16HW025294:~$ drwxr-xr-x  3 root root    4096 ápr   19 12:05 sgml
drwxr-xr-x: command not found
administrator@16HW025294:~$ -rw-r-----  1 root shadow  1538 jún   20 14:04 shadow
-rw-r-----: command not found
administrator@16HW025294:~$ -rw-r-----  1 root shadow  1465 jún    2 13:46 shadow-
r--  1 root root     582 okt   15  2021 profile
-rw-r--r-rw-r-----: command not found
administrator@16HW025294:~$ -rw-r--r--  1 root root     128 ápr   19 12:02 shells
--  1 root root    5620 jan    9  2022 rygel.conf
-rw-r-rw-r--r--: command not found
administrator@16HW025294:~$ drwxr-xr-x  2 root root    4096 ápr   19 12:02 skel
drwxr-xr-x: command not found
administrator@16HW025294:~$ drwxr-xr-x  2 root root    4096 jún   29 15:22 snmp
drwxr-xr-x: command not found
administrator@16HW025294:~$ drwxr-xr-x  4 root root    4096 ápr   19 12:05 speech-dispatcher
drwxr-xr-x: command not found
administrator@16HW025294:~$ drwxr-xr-x  3 root root    4096 ápr   19 12:04 ssh
drwxr-xr-x: command not found
administrator@16HW025294:~$ drwxr-xr-x  4 root root    4096 júl    6 11:54 ssl
drwxr-xr-x: command not found
administrator@16HW025294:~$ -rw-r--r--  1 root root      48 jún    2 13:46 subgid
-rw-r--r--: command not found
administrator@16HW025294:~$ -rw-r--r--  1 root root      27 jún    2 13:43 subgid-
              root     4 júl   13 11:04 crond.pid
-rw-r-rw-r--r--: command not found
administrator@16HW025294:~$ -rw-r--r--  1 root root      48 jún    2 13:46 subuid
-rw-r--r--: command not found
administrator@16HW025294:~$ -rw-r--r--  1 root root      27 jún    2 13:43 subuid-
-rw-r--r--: command not found
administrator@16HW025294:~$ -rw-r--r--  1 root root    4573 febr  14 12:48 sudo.conf
 hostid
-rw-r--r--  1 root root    4942 jan   24 12:59 wg-rw-r--r--: command not found
administrator@16HW025294:~$ -r--r-----  1 root root    1671 febr   8 09:41 sudoers
-r--r-----: command not found
administrator@16HW025294:~$ drwxr-xr-x  2 root root    4096 jún    2 13:44 sudoers.d
drwxr-xr-x: command not found
administrator@16HW025294:~$ -rw-r--r--  1 root root    9390 febr  14 12:48 sudo_logsrvd.conf
-rw-r--r--: command not found
administrator@16HW025294:~$ -rw-r--r--  1 root root    2355 febr  25 12:32 sysctl.conf
-rw-r--r--: command not found
administrator@16HW025294:~$ drwxr-xr-x  2 root root    4096 júl   11 18:22 sysctl.d
drwxr-xr-x: command not found
administrator@16HW025294:~$ drwxr-xr-x  5 root root    4096 júl   11 18:22 systemd
drwxr-xr-x: command not found
administrator@16HW025294:~$ drwxr-xr-x  2 root root    4096 ápr   19 12:02 terminfo
drwxr-xr-x: command not found
administrator@16HW025294:~$ drwxr-xr-x  2 root root    4096 ápr   19 12:04 thermald
drwxr-xr-x: command not found
administrator@16HW025294:~$ drwxr-xr-x  2 root root    4096 júl   14 10:33 thunderbird
drwxr-xr-x: command not found
administrator@16HW025294:~$ -rw-r--r--  1 root root      16 jún    2 13:43 timezone
-rw-r--r--: command not found
administrator@16HW025294:~$ drwxr-xr-x  2 root root    4096 ápr    7 21:28 tmpfiles.d
drwxr-xr-x: command not found
administrator@16HW025294:~$ drwxr-xr-x  2 root root    4096 júl   11 18:22 ubuntu-advantage
drwxr-xr-x: command not found
administrator@16HW025294:~$ -rw-r--r--  1 root root    1260 jún   16  2020 ucf.conf
oot     367 dec   16  2020 bindresvport.blacklist
-rw-r---rw-r--r--: command not found
administrator@16HW025294:~$ drwxr-xr-x  4 root root    4096 júl   11 18:22 udev
drwxr-xr-x: command not found
administrator@16HW025294:~$ drwxr-xr-x  2 root root    4096 ápr   19 12:05 udisks2
drwxr-xr-x: command not found
administrator@16HW025294:~$ drwxr-xr-x  3 root root    4096 ápr   19 12:05 ufw
drwxr-xr-x: command not found
administrator@16HW025294:~$ drwxr-xr-x  3 root root    4096 jún   29 15:23 update-manager
drwxr-xr-x: command not found
administrator@16HW025294:~$ drwxr-xr-x  2 root root    4096 júl   11 18:22 update-motd.d
drwxr-xr-x: command not found
administrator@16HW025294:~$ drwxr-xr-x  2 root root    4096 márc  30 12:20 update-notifier
drwxr-xr-x: command not found
administrator@16HW025294:~$ drwxr-xr-x  2 root root    4096 ápr   19 12:04 UPower
.drwxr-xr-x: command not found
administrator@16HW025294:~$ -rw-r--r--  1 root root    1523 márc  25 10:53 usb_modeswitch.conf
-rw-r--r--: command not found
administrator@16HW025294:~$ drwxr-xr-x  2 root root    4096 szept  6  2021 usb_modeswitch.d
drwxr-xr-x: command not found
administrator@16HW025294:~$ drwxr-xr-x  2 root root    4096 ápr   19 12:02 vim
drwxr-xr-x: command not found
administrator@16HW025294:~$ lrwxrwxrwx  1 root root      23 jún    2 13:41 vtrgb -> /etc/alternatives/vtrgb
bash: /etc/alternatives/vtrgb: Permission denied
administrator@16HW025294:~$ drwxr-xr-x  5 root root    4096 ápr   19 12:03 vulkan
drwxr-xr-x: command not found
administrator@16HW025294:~$ -rw-r--r--  1 root root    4942 jan   24 12:59 wgetrc
-rw-r--r--: command not found
administrator@16HW025294:~$ drwxr-xr-x  2 root root    4096 jún   29 15:22 wpa_supplicant
drwxr-xr-x: command not found
administrator@16HW025294:~$ drwxr-xr-x 12 root root    4096 ápr   19 12:05 X11
drwxr-xr-x: command not found
administrator@16HW025294:~$ -rw-r--r--  1 root root     681 márc  23 10:41 xattr.conf
-rw-r--r--: command not found
administrator@16HW025294:~$ drwxr-xr-x  6 root root    4096 ápr   19 12:03 xdg
drwxr-xr-x: command not found
administrator@16HW025294:~$ drwxr-xr-x  2 root root    4096 ápr   19 12:05 xml
drwxr-xr-x: command not found
administrator@16HW025294:~$ -rw-r--r--  1 root root     460 dec    8  2021 zsh_command_not_found
-rw-r--r--: command not found
administrator@16HW025294:~$ administrator@16HW025294:~$ sort -r unsorted.txt
administrator@16HW025294:~$: command not found
administrator@16HW025294:~$ total 20
Command 'total' not found, did you mean:
  command 'topal' from deb topal (80-1build2)
Try: sudo apt install <deb name>
administrator@16HW025294:~$ total 1140
 18:50 libaCommand 'total' not found, did you mean:
  command 'topal' from deb topal (80-1build2)
Try: sudo apt install <deb name>
administrator@16HW025294:~$ srw-rw-rw-  1 root              root     0 júl   13 11:04 snapd.socket
srw-rw-rw-: command not found
administrator@16HW025294:~$ srw-rw-rw-  1 root              root     0 júl   13 11:04 snapd-snap.socket
srw-rw-rw-: command not found
administrator@16HW025294:~$ srw-rw-rw-  1 root              root     0 júl   13 11:04 acpid.socket
srw-rw-rw-: command not found
administrator@16HW025294:~$ -rwxr-xr-x  1 root root     228 márc  23 12:28 nftables.conf
-rwxr-xr-x: command not found
administrator@16HW025294:~$ -rw-rw-r--  1 root              utmp  1152 júl   13 11:05 utmp
53 usb_modeswitch.conf
-rw-r--r--  1 root root      13 aug   22 -rw-rw-r--: command not found
administrator@16HW025294:~$ -rw-rw-r--  1 root root     675 jún    2 13:41 fstab
-rw-rw-r--: command not found
administrator@16HW025294:~$ -rw-rw-r--  1 root root       3 jún    2 13:43 papersize
-rw-rw-r--: command not found
administrator@16HW025294:~$ -rw-r--r--  1 root root    9454 jún    2 13:43 locale.gen
 márc  24 13:07 kerneloops.conf
-rw-r--r--  1 root root   -rw-r--r--: command not found
administrator@16HW025294:~$ -rw-r--r--  1 root root    9390 febr  14 12:48 sudo_logsrvd.conf
-rw-r--r--: command not found
administrator@16HW025294:~$ -rw-r--r--  1 root root      92 okt   15  2021 host.conf
-rw-r--r--: command not found
administrator@16HW025294:~$ -rw-r--r--  1 root root      91 okt   15  2021 networks
-rw-r--r--: command not found
administrator@16HW025294:~$ -rw-r--r--  1 root root     887 ápr    1  2013 rpc
-rw-r--r--: command not found
administrator@16HW025294:~$ -rw-r--r--  1 root root     769 febr  22 17:53 appstream.conf
-rw-r--r--: command not found
administrator@16HW025294:~$ -rw-r--r--  1 root root     767 márc  24 17:13 netconfig
-rw-r--r--: command not found
administrator@16HW025294:~$ -rw-r--r--  1 root root    7649 ápr   19 12:05 pnm2ppa.conf
-rw-r--r--: command not found
administrator@16HW025294:~$ -rw-r--r--  1 root root     744 jan    8  2022 mke2fs.conf
-rw-r--r--: command not found
administrator@16HW025294:~$ -rw-r--r--  1 root root   72029 márc  21 10:12 mime.types
-rw-r--r--: command not found
administrator@16HW025294:~$ -rw-r--r--  1 root root     711 ápr   19 12:04 hosts.deny
-rw-r--r--: command not found
administrator@16HW025294:~$ -rw-r--r--  1 root root     694 márc  23 14:53 fuse.conf
-rw-r--r--: command not found
administrator@16HW025294:~$ -rw-r--r--  1 root root     685 jan    8  2022 e2scrub.conf
-rw-r--r--: command not found
administrator@16HW025294:~$ -rw-r--r--  1 root root     681 márc  23 10:41 xattr.conf
ronment
-rw-r--r--  1 root root   10593 márc  31 23:07 sen-rw-r--r--: command not found
administrator@16HW025294:~$ -rw-r--r--  1 root root     604 szept 16  2018 deluser.conf
sors3.conf
-rw-r--r--  1 root root     102 ápr   18 12:28 l-rw-r--r--: command not found
administrator@16HW025294:~$ -rw-r--r--  1 root root   59393 júl   15 09:05 ld.so.cache
-rw-r--r--: command not found
administrator@16HW025294:~$ -rw-r--r--  1 root root     592 jan   24 16:37 logrotate.conf
-rw-r--r--: command not found
administrator@16HW025294:~$ -rw-r--r--  1 root root     582 okt   15  2021 profile
-rw-r--r--: command not found
administrator@16HW025294:~$ -rw-r--r--  1 root root    5620 jan    9  2022 rygel.conf
-rw-r--r--: command not found
administrator@16HW025294:~$ -rw-r--r--  1 root root     552 aug   12  2020 pam.conf
-rw-r-----  1 root root      33 ápr   19 12:05 brlapi.k-rw-r--r--: command not found
administrator@16HW025294:~$ -rw-r--r--  1 root root    5529 ápr   19 12:02 ca-certificates.conf
-rw-r--r--: command not found
administrator@16HW025294:~$ -rw-r--r--  1 root root     542 jún    2 13:44 nsswitch.conf
-rw-r--r--: command not found
administrator@16HW025294:~$ -rw-r--r--  1 root root    5217 márc  17 20:03 manpath.config
-rw-r--r--: command not found
administrator@16HW025294:~$ -rw-r--r--  1 root              root     4 júl   13 11:04 gdm3.pid
-rw-r--r--: command not found
administrator@16HW025294:~$ -rw-r--r--  1 root              root     4 júl   13 11:04 crond.pid
-rw-r--r--: command not found
administrator@16HW025294:~$ -rw-r--r--  1 root              root     4 júl   13 11:04 acpid.pid
-rw-r--r--: command not found
administrator@16HW025294:~$ -rw-r--r--  1 root root       4 ápr   19 12:06 hostid
-rw-r--r--: command not found
administrator@16HW025294:~$ -rw-r--r--  1 root root    4942 jan   24 12:59 wgetrc
-rw-r--r--: command not found
administrator@16HW025294:~$ -rw-r--r--  1 root root      48 jún    2 13:46 subuid
sr/share/zoneinfo/Europe/Budapest
lrwxrwxrwx  1 root ro-rw-r--r--: command not found
administrator@16HW025294:~$ -rw-r--r--  1 root root      48 jún    2 13:46 subgid
-rw-r--r--: command not found
administrator@16HW025294:~$ -rw-r--r--  1 root root     460 dec    8  2021 zsh_command_not_found
-rw-r--r--: command not found
administrator@16HW025294:~$ -rw-r--r--  1 root root      45 nov   11  2021 bash_completion
-rw-r--r--: command not found
administrator@16HW025294:~$ -rw-r--r--  1 root root    4573 febr  14 12:48 sudo.conf
3:43 mtab -> ../proc/self/mounts
lrwxrwxrwx  1 root root -rw-r--r--: command not found
administrator@16HW025294:~$ -rw-r--r--  1 root root     449 dec   11  2021 mailcap.order
-rw-r--r--: command not found
administrator@16HW025294:~$ -rw-r--r--  1 root root    4436 dec   15  2020 hdparm.conf
-rw-r--r--: command not found
administrator@16HW025294:~$ -rw-r--r--  1 root root     433 márc  23 10:40 apg.conf
-rw-r--r--: command not found
administrator@16HW025294:~$ -rw-r--r--  1 root root     411 ápr   19 12:04 hosts.allow
-rw-r--r--: command not found
administrator@16HW025294:~$ -rw-r--r--  1 root              root    38 júl   15 09:05 unattended-upgrades.progress
-rw-r--r--: command not found
administrator@16HW025294:~$ -rw-r--r--  1 root root   37013 júl   15 09:05 mailcap
-rw-r--r--: command not found
administrator@16HW025294:~$ -rw-r--r--  1 root root     367 dec   16  2020 bindresvport.blacklist
-rw-r--r--: command not found
administrator@16HW025294:~$ -rw-r--r--  1 root root      34 dec   16  2020 ld.so.conf
3
drwxr-xr-x  8 root root    4096 jún    2 13:44 apt
drwx-rw-r--r--: command not found
administrator@16HW025294:~$ -rw-r--r--  1 root root     335 márc  23 10:40 anacrontab
-rw-r--r--: command not found
administrator@16HW025294:~$ -rw-r--r--  1 root root    3028 ápr   19 12:02 adduser.conf
-rw-r--r--: command not found
administrator@16HW025294:~$ -rw-r--r--  1 root root    2996 márc   4 03:54 locale.alias
-rw-r--r--: command not found
administrator@16HW025294:~$ -rw-r--r--  1 root root    2969 febr  20 15:42 debconf.conf
-rw-r--r--: command not found
administrator@16HW025294:~$ -rw-r--r--  1 root root    2932 ápr    1  2013 protocols
-rw-r--r--: command not found
administrator@16HW025294:~$ -rw-r--r--  1 root root   29219 márc  18 17:59 brltty.conf
-rw-r--r--: command not found
administrator@16HW025294:~$ -rw-r--r--  1 root root    2889 jún    2 13:46 passwd
 7 root              root   200 júl   17 21:04 udev
dr-rw-r--r--: command not found
administrator@16HW025294:~$ -rw-r--r--  1 root root    2879 jún    2 13:46 passwd-
-rw-r--r--: command not found
administrator@16HW025294:~$ -rw-r--r--  1 root root      27 márc  13 13:16 libao.conf
-rw-r--r--: command not found
administrator@16HW025294:~$ -rw-r--r--  1 root root      27 jún    2 13:43 subuid-
-rw-r--r--: command not found
administrator@16HW025294:~$ -rw-r--r--  1 root root      27 jún    2 13:43 subgid-
-rw-r--r--: command not found
administrator@16HW025294:~$ -rw-r--r--  1 root root     267 okt   15  2021 legal
-rw-r--r--: command not found
administrator@16HW025294:~$ -rw-r--r--  1 root root    2584 febr   3 06:27 gai.conf
-rw-r--r--: command not found
administrator@16HW025294:~$ -rw-r--r--  1 root root      24 ápr   18 12:28 issue
-rw-r--r--: command not found
administrator@16HW025294:~$ -rw-r--r--  1 root root    2355 febr  25 12:32 sysctl.conf
-rw-r--r--: command not found
administrator@16HW025294:~$ -rw-r--r--  1 root root    2319 jan    6  2022 bash.bashrc
-rw-r--r--: command not found
administrator@16HW025294:~$ -rw-r--r--  1 root root     225 jún    2 13:43 hosts
  13 11:05 snapd
drwxr-xr-x  4 root root    4096 jún -rw-r--r--: command not found
administrator@16HW025294:~$ -rw-r--r--  1 root root      20 febr  24 17:19 fprintd.conf
-rw-r--r--: command not found
administrator@16HW025294:~$ -rw-r--r--  1 root root     195 ápr   19 12:02 modules
-rw-r--r--: command not found
administrator@16HW025294:~$ -rw-r--r--  1 root root     191 márc  17 18:50 libaudit.conf
-rw-r--r--: command not found
administrator@16HW025294:~$ -rw-r--r--  1 root root    1816 dec   27  2019 ethertypes
-rw-r--r--: command not found
administrator@16HW025294:~$ -rw-r--r--  1 root root      17 ápr   18 12:28 issue.net
-rw-r--r--: command not found
administrator@16HW025294:~$ -rw-r--r--  1 root root    1748 jan    6  2022 inputrc
-rw-r--r--: command not found
administrator@16HW025294:~$ -rw-r--r--  1 root root      16 jún    2 13:43 timezone
-rw-r--r--: command not found
administrator@16HW025294:~$ -rw-r--r--  1 root root    1523 márc  25 10:53 usb_modeswitch.conf
-rw-r--r--: command not found
administrator@16HW025294:~$ -rw-r--r--  1 root root      13 aug   22  2021 debian_version
-rw-r--r--: command not found
administrator@16HW025294:~$ -rw-r--r--  1 root root    1382 dec   24  2021 rsyslog.conf
ot    4096 ápr   19 12:04 fonts
drwxr-xr-x  4 root root    -rw-r--r--: command not found
administrator@16HW025294:~$ -rw-r--r--  1 root root    1308 márc  24 13:07 kerneloops.conf
-rw-r--r--: command not found
administrator@16HW025294:~$ -rw-r--r--  1 root root     128 ápr   19 12:02 shells
-rw-r--r--: command not found
administrator@16HW025294:~$ -rw-r--r--  1 root root   12813 márc  27  2021 services
-rw-r--r--: command not found
administrator@16HW025294:~$ -rw-r--r--  1 root root    1260 jún   16  2020 ucf.conf
-rw-r--r--: command not found
administrator@16HW025294:~$ -rw-r--r--  1 root root      11 jún    2 13:43 hostname
-rw-r--r--: command not found
administrator@16HW025294:~$ -rw-r--r--  1 root root    1173 júl   11 18:26 group
-rw-r--r--: command not found
administrator@16HW025294:~$ -rw-r--r--  1 root root    1156 júl   11 18:16 group-
-rw-r--r--: command not found
administrator@16HW025294:~$ -rw-r--r--  1 root root    1136 márc  23 14:49 crontab
-rw-r--r--: command not found
administrator@16HW025294:~$ -rw-r--r--  1 root root   11204 febr   9 12:30 nanorc
-rw-r--r--: command not found
administrator@16HW025294:~$ -rw-r--r--  1 root root     111 márc  24 18:07 magic.mime
-rw-r--r--: command not found
administrator@16HW025294:~$ -rw-r--r--  1 root root     111 márc  24 18:07 magic
-rw-r--r--: command not found
administrator@16HW025294:~$ -rw-r--r--  1 root root     110 jún    2 13:43 kernel-img.conf
-rw-r--r--: command not found
administrator@16HW025294:~$ -rw-r--r--  1 root root   10734 nov   11  2021 login.defs
-rw-r--r--: command not found
administrator@16HW025294:~$ -rw-r--r--  1 root root     106 ápr   19 12:02 environment
-rw-r--r--: command not found
administrator@16HW025294:~$ -rw-r--r--  1 root root   10593 márc  31 23:07 sensors3.conf
-rw-r--r--: command not found
administrator@16HW025294:~$ -rw-r--r--  1 root root     102 ápr   18 12:28 lsb-release
wxr-xr-x  3 root root    4096 febr  21 21:05 gss
drwxr-xr-x -rw-r--r--: command not found
administrator@16HW025294:~$ -rw-r-----  1 root shadow   985 júl   11 18:26 gshadow
-rw-r-----: command not found
administrator@16HW025294:~$ -rw-r-----  1 root shadow   971 júl   11 18:16 gshadow-
oot root    4096 ápr   19 12:05 sgml
drwxr-xr-x  3 root -rw-r-----: command not found
administrator@16HW025294:~$ -rw-r-----  1 root shadow  1538 jún   20 14:04 shadow
-rw-r-----: command not found
administrator@16HW025294:~$ -rw-r-----  1 root shadow  1465 jún    2 13:46 shadow-
-rw-r-----: command not found
administrator@16HW025294:~$ -rw-r-----  1 root root      33 ápr   19 12:05 brlapi.key
-rw-r-----: command not found
administrator@16HW025294:~$ -rw-r-----  1 root              root     0 júl   14 10:33 unattended-upgrades.lock
-rw-r-----: command not found
administrator@16HW025294:~$ -r--r--r--  1 root root      33 jún    2 15:45 machine-id
-r--r--r--: command not found
administrator@16HW025294:~$ -r--r-----  1 root root    1671 febr   8 09:41 sudoers
-r--r-----: command not found
administrator@16HW025294:~$ prw-------  1 root              root     0 júl   13 11:04 initctl
prw-------: command not found
administrator@16HW025294:~$ lrwxrwxrwx  1 root              root     8 júl   13 11:04 shm -> /dev/shm
bash: /dev/shm: Is a directory
administrator@16HW025294:~$ lrwxrwxrwx  1 root root      39 jún    2 13:43 resolv.conf -> ../run/systemd/resolve/stub-resolv.conf
bash: ../run/systemd/resolve/stub-resolv.conf: No such file or directory
administrator@16HW025294:~$ lrwxrwxrwx  1 root root      35 jún    2 13:43 localtime -> /usr/share/zoneinfo/Europe/Budapest
bash: /usr/share/zoneinfo/Europe/Budapest: Permission denied
administrator@16HW025294:~$ lrwxrwxrwx  1 root root      23 jún    2 13:41 vtrgb -> /etc/alternatives/vtrgb
19 12:bash: /etc/alternatives/vtrgb: Permission denied
administrator@16HW025294:~$ lrwxrwxrwx  1 root root      21 ápr   22 16:34 os-release -> ../usr/lib/os-release
bash: ../usr/lib/os-release: No such file or directory
administrator@16HW025294:~$ lrwxrwxrwx  1 root root      19 jún    2 13:43 mtab -> ../proc/self/mounts
bash: ../proc/self/mounts: No such file or directory
administrator@16HW025294:~$ lrwxrwxrwx  1 root root      18 jún   20 14:21 printcap -> /run/cups/printcap
bash: /run/cups/printcap: Permission denied
administrator@16HW025294:~$ lrwxrwxrwx  1 root root      13 jún    2 13:41 rmt -> /usr/sbin/rmt
bash: /usr/sbin/rmt: Permission denied
administrator@16HW025294:~$ drwx--x--x  3 root              gdm     60 júl   13 11:04 gdm3
drwx--x--x: command not found
administrator@16HW025294:~$ drwx--x--x  2 root              root    40 júl   13 11:04 sudo
drwx--x--x: command not found
administrator@16HW025294:~$ drwx--x---  2 root              root    40 júl   13 11:04 openvpn-server
drwx--x---: command not found
administrator@16HW025294:~$ drwx--x---  2 root              root    40 júl   13 11:04 openvpn-client
drwx--x---: command not found
administrator@16HW025294:~$ drwxr-xr-x  8 root root    4096 jún   29 15:23 gdm3
drwxr-xr-x: command not found
administrator@16HW025294:~$ drwxr-xr-x  8 root root    4096 jún    2 13:44 apt
drwxr-xr-x: command not found
administrator@16HW025294:~$ drwxr-xr-x  8 root root    4096 júl   11 18:22 apparmor.d
drwxr-xr-x: command not found
administrator@16HW025294:~$ drwxr-xr-x  8 root root    4096 júl   11 15:51 kernel
drwxr-xr-x: command not found
administrator@16HW025294:~$ drwxr-xr-x  8 root root    4096 ápr   19 12:02 networkd-dispatcher
drwxr-xr-x: command not found
administrator@16HW025294:~$ drwxr-xr-x  8 root dip     4096 ápr   19 12:04 ppp
drwxr-xr-x: command not found
administrator@16HW025294:~$ drwxr-xr-x  7 root root    4096 jún   29 15:22 NetworkManager
 júl   13 11:04 sendsigs.omit.d
drwxr-xr-x  2 root            drwxr-xr-x: command not found
administrator@16HW025294:~$ drwxr-xr-x  7 root root    4096 ápr   19 12:04 brltty
drwxr-xr-x: command not found
administrator@16HW025294:~$ drwxr-xr-x  7 root              root   200 júl   17 21:04 udev
drwxr-xr-x: command not found
administrator@16HW025294:~$ drwxr-xr-x  6 root root    4096 ápr   19 12:04 network
drwxr-xr-x: command not found
administrator@16HW025294:~$ drwxr-xr-x  6 root root    4096 ápr   19 12:03 xdg
drwxr-xr-x: command not found
administrator@16HW025294:~$ drwxr-xr-x  5 root root    4096 júl   11 18:22 systemd
tch.d
drwxr-xr-x  2 root root    4096 márc  30 12:20 updrwxr-xr-x: command not found
administrator@16HW025294:~$ drwxr-xr-x  5 root root    4096 ápr   19 12:05 initramfs-tools
drwxr-xr-x: command not found
administrator@16HW025294:~$ drwxr-xr-x  5 root root    4096 ápr   19 12:03 vulkan
drwxr-xr-x: command not found
administrator@16HW025294:~$ drwxr-xr-x  5 root root    4096 ápr   19 12:03 apm
drwxr-xr-x: command not found
administrator@16HW025294:~$ drwxr-xr-x  5 root              root   140 júl   17 19:54 NetworkManager
drwxr-xr-x: command not found
administrator@16HW025294:~$ drwxr-xr-x  5 root lp      4096 júl   17 19:54 cups
drwxr-xr-x: command not found
administrator@16HW025294:~$ drwxr-xr-x  4 root              root    80 júl   13 11:05 snapd
5:22 snmp
drwxr-xr-x  2 root root    4096 jún   29 15:22 profiledrwxr-xr-x: command not found
administrator@16HW025294:~$ drwxr-xr-x  4 root root    4096 jún   20 14:23 apport
drwxr-xr-x: command not found
administrator@16HW025294:~$ drwxr-xr-x  4 root root    4096 júl    6 11:54 ssl

drwxr-xr-x  2 root root    4096 jún   23 07:56 crodrwxr-xr-x: command not found
administrator@16HW025294:~$ drwxr-xr-x  4 root root    4096 júl   11 18:25 dkms
drwxr-xr-x: command not found
administrator@16HW025294:~$ drwxr-xr-x  4 root root    4096 júl   11 18:22 udev
drwxr-xr-x: command not found
administrator@16HW025294:~$ drwxr-xr-x  4 root root    4096 júl   11 18:22 dhcp
:44 rcS.d
drwxr-xr-x  2 root root    4096 jún    2 1drwxr-xr-x: command not found
administrator@16HW025294:~$ drwxr-xr-x  4 root root    4096 júl   11 15:51 dpkg
3:44 init
drwxr-xr-x  2 root root    4096 jún    2 1drwxr-xr-x: command not found
administrator@16HW025294:~$ drwxr-xr-x  4 root root    4096 ápr   19 12:05 speech-dispatcher
drwxr-xr-x: command not found
administrator@16HW025294:~$ drwxr-xr-x  4 root root    4096 ápr   19 12:05 pulse
 13:43 console-setup
drwxr-xr-x  2 root root    4096 jdrwxr-xr-x: command not found
administrator@16HW025294:~$ drwxr-xr-x  4 root root    4096 ápr   19 12:04 security
drwxr-xr-x: command not found
administrator@16HW025294:~$ drwxr-xr-x  4 root root    4096 ápr   19 12:04 openvpn
drwxr-xr-x: command not found
administrator@16HW025294:~$ drwxr-xr-x  4 root root    4096 ápr   19 12:04 fonts
ot    4096 júl   15 09:05 python3.10
drwxr-xr-x  2 rodrwxr-xr-x: command not found
administrator@16HW025294:~$ drwxr-xr-x  4 root root    4096 ápr   19 12:04 dconf
drwxr-xr-x: command not found
administrator@16HW025294:~$ drwxr-xr-x  4 root root    4096 ápr   19 12:03 polkit-1
drwxr-xr-x: command not found
administrator@16HW025294:~$ drwxr-xr-x  4 root root    4096 ápr   19 12:03 pki
drwxr-xr-x: command not found
administrator@16HW025294:~$ drwxr-xr-x  4 root root    4096 ápr   19 12:03 logcheck
drwxr-xr-x: command not found
administrator@16HW025294:~$ drwxr-xr-x  4 root root    4096 ápr   19 12:03 ghostscript
drwxr-xr-x: command not found
administrator@16HW025294:~$ drwxr-xr-x  4 root root    4096 ápr   19 12:02 iproute2
oot    4096 júl   11 18:26 rc3.d
drwxr-xr-x  2 root rootdrwxr-xr-x: command not found
administrator@16HW025294:~$ drwxr-xr-x  4 root root    4096 ápr   19 12:02 dbus-1
drwxr-xr-x: command not found
administrator@16HW025294:~$ drwxr-xr-x  3 root              root    60 júl   13 11:05 user
drwxr-xr-x: command not found
administrator@16HW025294:~$ drwxr-xr-x  3 root              root    60 júl   13 11:04 log
drwxr-xr-x: command not found
administrator@16HW025294:~$ drwxr-xr-x  3 root              root    60 júl   13 11:04 credentials
8:26 init.d
drwxr-xr-x  2 root root    4096 júl   11 18:25 modprobe.d
drwxr-xr-x: command not found
administrator@16HW025294:~$ drwxr-xr-x  3 root              root    60 júl   13 11:04 boltd
drwxr-xr-x: command not found
administrator@16HW025294:~$ drwxr-xr-x  3 root root    4096 jún   29 15:23 update-manager
xr-xr-x  2 root root    4096 júl   11 18:22 ubuntu-advantage
ddrwxr-xr-x: command not found
administrator@16HW025294:~$ drwxr-xr-x  3 root root    4096 jún   29 15:22 libreoffice
rwxr-xr-x  2 root root    4096 júl   11 18:22 sysctl.d
drwxdrwxr-xr-x: command not found
administrator@16HW025294:~$ drwxr-xr-x  3 root root    4096 júl   11 18:26 default
drwxr-xr-x: command not found
administrator@16HW025294:~$ drwxr-xr-x  3 root root    4096 júl   11 18:22 apparmor
drwxr-xr-x: command not found
administrator@16HW025294:~$ drwxr-xr-x  3 root root    4096 febr  21 21:05 gss
drwxr-xr-x: command not found
administrator@16HW025294:~$ drwxr-xr-x  3 root root    4096 ápr   19 12:05 ufw
drwxr-xr-x: command not found
administrator@16HW025294:~$ drwxr-xr-x  3 root root    4096 ápr   19 12:05 sgml
drwxr-xr-x: command not found
administrator@16HW025294:~$ drwxr-xr-x  3 root root    4096 ápr   19 12:05 sane.d
drwxr-xr-x: command not found
administrator@16HW025294:~$ drwxr-xr-x  3 root root    4096 ápr   19 12:05 gdb
drwxr-xr-x: command not found
administrator@16HW025294:~$ drwxr-xr-x  3 root root    4096 ápr   19 12:05 fwupd
drwxr-xr-x: command not found
administrator@16HW025294:~$ drwxr-xr-x  3 root root    4096 ápr   19 12:05 avahi
drwxr-xr-x: command not found
administrator@16HW025294:~$ drwxr-xr-x  3 root root    4096 ápr   19 12:04 ssh
drwxr-xr-x: command not found
administrator@16HW025294:~$ drwxr-xr-x  3 root root    4096 ápr   19 12:04 pm
drwxr-xr-x: command not found
administrator@16HW025294:~$ drwxr-xr-x  3 root root    4096 ápr   19 12:04 ModemManager
drwxr-xr-x: command not found
administrator@16HW025294:~$ drwxr-xr-x  3 root root    4096 ápr   19 12:04 ifplugd
drwxr-xr-x: command not found
administrator@16HW025294:~$ drwxr-xr-x  3 root root    4096 ápr   19 12:04 acpi
drwxr-xr-x: command not found
administrator@16HW025294:~$ drwxr-xr-x  3 root root    4096 ápr   19 12:03 perl
drwxr-xr-x: command not found
administrator@16HW025294:~$ drwxr-xr-x  3 root root    4096 ápr   19 12:03 libblockdev
drwxr-xr-x: command not found
administrator@16HW025294:~$ drwxr-xr-x  3 root root    4096 ápr   19 12:03 glvnd
drwxr-xr-x: command not found
administrator@16HW025294:~$ drwxr-xr-x  3 root root    4096 ápr   19 12:03 firefox
drwxr-xr-x: command not found
administrator@16HW025294:~$ drwxr-xr-x  3 root root    4096 ápr   19 12:03 emacs
wxr-xr-x  2 root root    4096 ápr   19 12:05 cron.weedrwxr-xr-x: command not found
administrator@16HW025294:~$ drwxr-xr-x  3 root root    4096 ápr   19 12:03 alsa
drwxr-xr-x: command not found
administrator@16HW025294:~$ drwxr-xr-x  3 root root    4096 ápr   19 12:02 ca-certificates
drwxr-xr-x: command not found
administrator@16HW025294:~$ drwxr-xr-x  3 root              lp     100 júl   17 19:54 cups
drwxr-xr-x: command not found
administrator@16HW025294:~$ drwxr-xr-x  2 root              root    80 júl   13 11:04 mount
drwxr-xr-x: command not found
administrator@16HW025294:~$ drwxr-xr-x  2 root              root    80 júl   13 11:04 console-setup
drwxr-xr-x: command not found
administrator@16HW025294:~$ drwxr-xr-x  2 root              root    60 júl   17 19:54 motd.d
drwxr-xr-x: command not found
administrator@16HW025294:~$ drwxr-xr-x  2 root              root    60 júl   13 11:04 uuidd
drwxr-xr-x: command not found
administrator@16HW025294:~$ drwxr-xr-x  2 root              root    60 júl   13 11:04 tmpfiles.d
drwxr-xr-x: command not found
administrator@16HW025294:~$ drwxr-xr-x  2 root              root    60 júl   13 11:04 thermald
drwxr-xr-x: command not found
administrator@16HW025294:~$ drwxr-xr-x  2 root              root    60 júl   13 11:04 irqbalance
drwxr-xr-x: command not found
administrator@16HW025294:~$ drwxr-xr-x  2 root              root    60 júl   13 11:04 dbus
drwxr-xr-x: command not found
administrator@16HW025294:~$ drwxr-xr-x  2 root              root    60 júl   13 11:04 blkid
drwxr-xr-x: command not found
administrator@16HW025294:~$ drwxr-xr-x  2 root              root    40 júl   13 11:05 netns
drwxr-xr-x: command not found
administrator@16HW025294:~$ drwxr-xr-x  2 root              root    40 júl   13 11:04 spice-vdagentd
drwxr-xr-x: command not found
administrator@16HW025294:~$ drwxr-xr-x  2 root              root    40 júl   13 11:04 sendsigs.omit.d
drwxr-xr-x: command not found
administrator@16HW025294:~$ drwxr-xr-x  2 root              root    40 júl   13 11:04 plymouth
drwxr-xr-x: command not found
administrator@16HW025294:~$ drwxr-xr-x  2 root              root    40 júl   13 11:04 openvpn
drwxr-xr-x: command not found
administrator@16HW025294:~$ drwxr-xr-x  2 root              root    40 júl   13 11:04 alsa
drwxr-xr-x: command not found
administrator@16HW025294:~$ drwxr-xr-x  2 root root    4096 szept  6  2021 usb_modeswitch.d
drwxr-xr-x: command not found
administrator@16HW025294:~$ drwxr-xr-x  2 root root    4096 márc  30 12:20 update-notifier
drwxr-xr-x: command not found
administrator@16HW025294:~$ drwxr-xr-x  2 root root    4096 márc  24 13:14 libpaper.d
drwxr-xr-x: command not found
administrator@16HW025294:~$ drwxr-xr-x  2 root root    4096 jún   29 15:23 insserv.conf.d
r
drwxr-x---  2 root              root    80 júl   17 19:54 wpdrwxr-xr-x: command not found
administrator@16HW025294:~$ drwxr-xr-x  2 root root    4096 jún   29 15:23 gtk-3.0
drwxr-xr-x: command not found
administrator@16HW025294:~$ drwxr-xr-x  2 root root    4096 jún   29 15:22 wpa_supplicant
drwxr-xr-x: command not found
administrator@16HW025294:~$ drwxr-xr-x  2 root root    4096 jún   29 15:22 snmp
drwxr-xr-x: command not found
administrator@16HW025294:~$ drwxr-xr-x  2 root root    4096 jún   29 15:22 profile.d
drwxr-xr-x: command not found
administrator@16HW025294:~$ drwxr-xr-x  2 root root    4096 jún   29 15:22 ldap
drwxr-xr-x: command not found
administrator@16HW025294:~$ drwxr-xr-x  2 root root    4096 jún   23 07:56 cron.d
drwxr-xr-x: command not found
administrator@16HW025294:~$ drwxr-xr-x  2 root root    4096 jún    2 13:44 sudoers.d
drwxr-xr-x: command not found
administrator@16HW025294:~$ drwxr-xr-x  2 root root    4096 jún    2 13:44 rcS.d
reversed.txt
administrator@16HW025294:~$ cd
administradrwxr-xr-x: command not found
administrator@16HW025294:~$ drwxr-xr-x  2 root root    4096 jún    2 13:44 init
drwxr-xr-x: command not found
administrator@16HW025294:~$ drwxr-xr-x  2 root root    4096 jún    2 13:44 dictionaries-common
drwxr-xr-x: command not found
administrator@16HW025294:~$ drwxr-xr-x  2 root root    4096 jún    2 13:43 console-setup
drwxr-xr-x: command not found
administrator@16HW025294:~$ drwxr-xr-x  2 root root    4096 jún   20 14:23 cron.daily
drwxr-xr-x: command not found
administrator@16HW025294:~$ drwxr-xr-x  2 root root    4096 jún   20 14:23 bash_completion.d
drwxr-xr-x: command not found
administrator@16HW025294:~$ drwxr-xr-x  2 root root    4096 júl   15 09:05 python3.10
drwxr-xr-x: command not found
administrator@16HW025294:~$ drwxr-xr-x  2 root root    4096 júl   14 10:33 thunderbird
  etc_log.txt   MOK.priv   Pictures   reversed.txt   snap   drwxr-xr-x: command not found
administrator@16HW025294:~$ drwxr-xr-x  2 root root    4096 júl   13 10:47 pam.d
drwxr-xr-x: command not found
administrator@16HW025294:~$ drwxr-xr-x  2 root root    4096 júl   11 18:26 rc6.d
drwxr-xr-x: command not found
administrator@16HW025294:~$ drwxr-xr-x  2 root root    4096 júl   11 18:26 rc5.d
drwxr-xr-x: command not found
administrator@16HW025294:~$ drwxr-xr-x  2 root root    4096 júl   11 18:26 rc4.d
> ~/.exrc
administrator@16HW025294:~$ vi dataLogger.shdrwxr-xr-x: command not found
administrator@16HW025294:~$ drwxr-xr-x  2 root root    4096 júl   11 18:26 rc3.d

administrator@16HW025294:~$ brew install bash
Commanddrwxr-xr-x: command not found
administrator@16HW025294:~$ drwxr-xr-x  2 root root    4096 júl   11 18:26 rc2.d
drwxr-xr-x: command not found
administrator@16HW025294:~$ drwxr-xr-x  2 root root    4096 júl   11 18:26 rc1.d
drwxr-xr-x: command not found
administrator@16HW025294:~$ drwxr-xr-x  2 root root    4096 júl   11 18:26 rc0.d
 qbrew (0.4.1-8build1)
Try: sudo apt install <deb namedrwxr-xr-x: command not found
administrator@16HW025294:~$ drwxr-xr-x  2 root root    4096 júl   11 18:26 init.d
drwxr-xr-x: command not found
administrator@16HW025294:~$ drwxr-xr-x  2 root root    4096 júl   11 18:25 modprobe.d
drwxr-xr-x: command not found
administrator@16HW025294:~$ drwxr-xr-x  2 root root    4096 júl   11 18:22 update-motd.d
drwxr-xr-x: command not found
administrator@16HW025294:~$ drwxr-xr-x  2 root root    4096 júl   11 18:22 ubuntu-advantage
drwxr-xr-x: command not found
administrator@16HW025294:~$ drwxr-xr-x  2 root root    4096 júl   11 18:22 sysctl.d
drwxr-xr-x: command not found
administrator@16HW025294:~$ drwxr-xr-x  2 root root    4096 júl   11 18:22 modules-load.d
drwxr-xr-x: command not found
administrator@16HW025294:~$ drwxr-xr-x  2 root root    4096 júl   11 18:22 logrotate.d
drwxr-xr-x: command not found
administrator@16HW025294:~$ drwxr-xr-x  2 root root    4096 júl   11 15:51 ld.so.conf.d
drwxr-xr-x: command not found
administrator@16HW025294:~$ drwxr-xr-x  2 root root    4096 júl   11 15:51 alternatives
drwxr-xr-x: command not found
administrator@16HW025294:~$ drwxr-xr-x  2 root root    4096 ápr    7 21:28 tmpfiles.d
drwxr-xr-x: command not found
administrator@16HW025294:~$ drwxr-xr-x  2 root root    4096 ápr    7 21:28 binfmt.d
drwxr-xr-x: command not found
administrator@16HW025294:~$ drwxr-xr-x  2 root root    4096 ápr   19 12:09 netplan
drwxr-xr-x: command not found
administrator@16HW025294:~$ drwxr-xr-x  2 root root    4096 ápr   19 12:07 grub.d
drwxr-xr-x: command not found
administrator@16HW025294:~$ drwxr-xr-x  2 root root    4096 ápr   19 12:05 xml
drwxr-xr-x: command not found
administrator@16HW025294:~$ drwxr-xr-x  2 root root    4096 ápr   19 12:05 udisks2
drwxr-xr-x: command not found
administrator@16HW025294:~$ drwxr-xr-x  2 root root    4096 ápr   19 12:05 rsyslog.d
drwxr-xr-x: command not found
administrator@16HW025294:~$ drwxr-xr-x  2 root root    4096 ápr   19 12:05 PackageKit
drwxr-xr-x: command not found
administrator@16HW025294:~$ drwxr-xr-x  2 root root    4096 ápr   19 12:05 ipp-usb
drwxr-xr-x: command not found
administrator@16HW025294:~$ drwxr-xr-x  2 root root    4096 ápr   19 12:05 hp
tinue? [Y/n] y
Get:1 http://hu.archive.ubuntu.com/udrwxr-xr-x: command not found
administrator@16HW025294:~$ drwxr-xr-x  2 root root    4096 ápr   19 12:05 geoclue
drwxr-xr-x: command not found
administrator@16HW025294:~$ drwxr-xr-x  2 root root    4096 ápr   19 12:05 environment.d
drwxr-xr-x: command not found
administrator@16HW025294:~$ drwxr-xr-x  2 root root    4096 ápr   19 12:05 cupshelpers
drwxr-xr-x: command not found
administrator@16HW025294:~$ drwxr-xr-x  2 root root    4096 ápr   19 12:05 cron.weekly
drwxr-xr-x: command not found
administrator@16HW025294:~$ drwxr-xr-x  2 root root    4096 ápr   19 12:04 UPower
drwxr-xr-x: command not found
administrator@16HW025294:~$ drwxr-xr-x  2 root root    4096 ápr   19 12:04 thermald
drwxr-xr-x: command not found
administrator@16HW025294:~$ drwxr-xr-x  2 root root    4096 ápr   19 12:04 sensors.d
drwxr-xr-x: command not found
administrator@16HW025294:~$ drwxr-xr-x  2 root root    4096 ápr   19 12:04 pcmcia
drwxr-xr-x: command not found
administrator@16HW025294:~$ drwxr-xr-x  2 root root    4096 ápr   19 12:04 libnl-3
drwxr-xr-x: command not found
administrator@16HW025294:~$ drwxr-xr-x  2 root root    4096 ápr   19 12:04 gtk-2.0
drwxr-xr-x: command not found
administrator@16HW025294:~$ drwxr-xr-x  2 root root    4096 ápr   19 12:04 groff
drwxr-xr-x: command not found
administrator@16HW025294:~$ drwxr-xr-x  2 root root    4096 ápr   19 12:04 gnome
drwxr-xr-x: command not found
administrator@16HW025294:~$ drwxr-xr-x  2 root root    4096 ápr   19 12:04 cron.monthly
drwxr-xr-x: command not found
administrator@16HW025294:~$ drwxr-xr-x  2 root root    4096 ápr   19 12:04 cracklib
drwxr-xr-x: command not found
administrator@16HW025294:~$ drwxr-xr-x  2 root root    4096 ápr   19 12:04 bluetooth
drwxr-xr-x: command not found
administrator@16HW025294:~$ drwxr-xr-x  2 root root    4096 ápr   19 12:02 vim
drwxr-xr-x: command not found
administrator@16HW025294:~$ drwxr-xr-x  2 root root    4096 ápr   19 12:02 terminfo
drwxr-xr-x: command not found
administrator@16HW025294:~$ drwxr-xr-x  2 root root    4096 ápr   19 12:02 skel
drwxr-xr-x: command not found
administrator@16HW025294:~$ drwxr-xr-x  2 root root    4096 ápr   19 12:02 selinux
drwxr-xr-x: command not found
administrator@16HW025294:~$ drwxr-xr-x  2 root root    4096 ápr   19 12:02 python3
drwxr-xr-x: command not found
administrator@16HW025294:~$ drwxr-xr-x  2 root root    4096 ápr   19 12:02 opt
drwxr-xr-x: command not found
administrator@16HW025294:~$ drwxr-xr-x  2 root root    4096 ápr   19 12:02 newt
drwxr-xr-x: command not found
administrator@16HW025294:~$ drwxr-xr-x  2 root root    4096 ápr   19 12:02 depmod.d
drwxr-xr-x: command not found
administrator@16HW025294:~$ drwxr-xr-x  2 root root    4096 ápr   19 12:02 cron.hourly
drwxr-xr-x: command not found
administrator@16HW025294:~$ drwxr-xr-x  2 avahi             avahi   80 júl   13 11:04 avahi-daemon
drwxr-xr-x: command not found
administrator@16HW025294:~$ drwxr-xr-x 24 root              root   560 júl   14 13:42 systemd
provide /usr/bin/view (view) in
 auto mode
update-alternatives: usidrwxr-xr-x: command not found
administrator@16HW025294:~$ drwxr-xr-x 12 root root    4096 ápr   19 12:05 X11
drwxr-xr-x: command not found
administrator@16HW025294:~$ drwxr-x---  3 speech-dispatcher audio  100 júl   13 11:04 speech-dispatcher
drwxr-x---: command not found
administrator@16HW025294:~$ drwxr-x---  2 root              root    80 júl   17 19:54 wpa_supplicant
drwxr-x---: command not found
administrator@16HW025294:~$ drwxrwxrwt  4 root              root   100 júl   13 11:05 lock
drwxrwxrwt: command not found
administrator@16HW025294:~$ drwxr-s---  2 root dip     4096 ápr   19 12:04 chatscripts
drwxr-s---: command not found
administrator@16HW025294:~$ drwx------  2 root              root    80 júl   13 11:04 initramfs
drwx------: command not found
administrator@16HW025294:~$ drwx------  2 root              root    40 júl   13 11:04 udisks2
4:~$ ls
 datalogger.sh     Documents     Music     drwx------: command not found
administrator@16HW025294:~$ ----------  1 root              root     0 júl   13 11:04 crond.reboot
----------: command not found
administrator@16HW025294:~$ administrator@16HW025294:~$ sort -r unsorted.txt > reversed.txt
administrator@16HW025294:~$: command not found
administrator@16HW025294:~$ administrator@16HW025294:~$ cd
   Public         test
 Der    administrator@16HW025294:~$: command not found
administrator@16HW025294:~$ administrator@16HW025294:~$ touch demand_data.txt
administrator@16HW025294:~$: command not found
administrator@16HW025294:~$ administrator@16HW025294:~$ vi dataLogger.sh
administrator@16HW025294:~$: command not found
administrator@16HW025294:~$ administrator@16HW025294:~$ cat dataLogger.sh
nsorted.txt
administrator@16HW025294:~$ cat deadministrator@16HW025294:~$: command not found
administrator@16HW025294:~$ cat: dataLogger.sh: No such file or directory
Command 'cat:' not found, did you mean:
  command 'cat' from deb coreutils (8.32-4.1ubuntu1)
  command 'catm' from deb mescc-tools (1.3-2)
Try: sudo apt install <deb name>
administrator@16HW025294:~$ administrator@16HW025294:~$ ls
administrator@16HW025294:~$: command not found
administrator@16HW025294:~$  demand_data.txt   Desktop     Downloads     MOK.der    Music      Public         run_log.txt   Templates   touch          Videos
demand_data.txt: command not found
administrator@16HW025294:~$  Der               Documents   etc_log.txt   MOK.priv   Pictures   reversed.txt   snap          test        unsorted.txt  'VirtualBox VMs'
Command 'Der' not found, did you mean:
  command 'ner' from deb frog (0.20-2build2)
Try: sudo apt install <deb name>
administrator@16HW025294:~$ administrator@16HW025294:~$ vi dataLogger.sh
administrator@16HW025294:~$: command not found
administrator@16HW025294:~$ administrator@16HW025294:~$ echo "set backspace=indent,eol,start" >> ~/.exrc
:51.462598654 +0200
stat demand_data.txt
administrator@16HW025294:~$ vim dataadministrator@16HW025294:~$: command not found
administrator@16HW025294:~$ administrator@16HW025294:~$ vi dataLogger.sh
administrator@16HW025294:~$: command not found
administrator@16HW025294:~$ administrator@16HW025294:~$ brew install bash
talogger.sh
administrator@16HW025294:~$ cd Docadministrator@16HW025294:~$: command not found
administrator@16HW025294:~$ Command 'brew' not found, did you mean:
uments
administrator@16HW025294:~/DocumeCommand: command not found
administrator@16HW025294:~$   command 'brec' from deb bplay (0.991-10build1)
bash: syntax error near unexpected token `('
administrator@16HW025294:~$   command 'qbrew' from deb qbrew (0.4.1-8build1)
bash: syntax error near unexpected token `('
administrator@16HW025294:~$ Try: sudo apt install <deb name>
bash: syntax error near unexpected token `newline'
administrator@16HW025294:~$ administrator@16HW025294:~$ set backspace=indent,eol,start
administrator@16HW025294:~$: command not found
administrator@16HW025294:~$ administrator@16HW025294:~$ vim datalogger.sh
administrator@16HW025294:~$: command not found
administrator@16HW025294:~$ Command 'vim' not found, but can be installed with:
Command: command not found
administrator@16HW025294:~$ sudo apt install vim         # version 2:8.2.3995-1ubuntu2, or
[sudo] password for administrator: 
Sorry, try again.
[sudo] password for administrator: 
Sorry, try again.
[sudo] password for administrator: 
sudo: 3 incorrect password attempts
administrator@16HW025294:~$ pwd
/home/administrator
administrator@16HW025294:~$ ls
 datalogger.sh     demands.log   Desktop     Downloads     MOK.der    Music      Public         run_log.txt   Templates   touch          Videos
 demand_data.txt   Der           Documents   etc_log.txt   MOK.priv   Pictures   reversed.txt   snap          test        unsorted.txt  'VirtualBox VMs'
administrator@16HW025294:~$ 

